Archive member included to satisfy reference by file (symbol)

.\CortexM3\ARM_GCC_541\Debug\Project4.a(UART.o)
                              .\CortexM3\ARM_GCC_541\Debug\main.o (UART_Start)
.\CortexM3\ARM_GCC_541\Debug\Project4.a(Timer_LED.o)
                              .\CortexM3\ARM_GCC_541\Debug\InterruptRoutines.o (Timer_LED_ReadStatusRegister)
.\CortexM3\ARM_GCC_541\Debug\Project4.a(I2C_Master.o)
                              .\CortexM3\ARM_GCC_541\Debug\I2C_Interface.o (I2C_Master_Start)
.\CortexM3\ARM_GCC_541\Debug\Project4.a(I2C_Master_INT.o)
                              .\CortexM3\ARM_GCC_541\Debug\Project4.a(I2C_Master.o) (I2C_Master_ISR)
.\CortexM3\ARM_GCC_541\Debug\Project4.a(I2C_Master_PM.o)
                              .\CortexM3\ARM_GCC_541\Debug\Project4.a(I2C_Master.o) (I2C_Master_backup)
.\CortexM3\ARM_GCC_541\Debug\Project4.a(I2C_Master_MASTER.o)
                              .\CortexM3\ARM_GCC_541\Debug\Project4.a(I2C_Master.o) (I2C_Master_mstrStatus)
.\CortexM3\ARM_GCC_541\Debug\Project4.a(Pin_LED.o)
                              .\CortexM3\ARM_GCC_541\Debug\InterruptRoutines.o (Pin_LED_Write)
.\CortexM3\ARM_GCC_541\Debug\Project4.a(UART_IntClock.o)
                              .\CortexM3\ARM_GCC_541\Debug\Project4.a(UART.o) (UART_IntClock_Start)
.\CortexM3\ARM_GCC_541\Debug\Project4.a(CyLib.o)
                              .\CortexM3\ARM_GCC_541\Debug\Cm3Start.o (CyHalt)
.\CortexM3\ARM_GCC_541\Debug\Project4.a(cyPm.o)
                              .\CortexM3\ARM_GCC_541\Debug\Project4.a(CyLib.o) (CyPmReadStatus)
.\CortexM3\ARM_GCC_541\Debug\Project4.a(UART_BT.o)
                              .\CortexM3\ARM_GCC_541\Debug\main.o (UART_BT_Start)
.\CortexM3\ARM_GCC_541\Debug\Project4.a(UART_BT_IntClock.o)
                              .\CortexM3\ARM_GCC_541\Debug\Project4.a(UART_BT.o) (UART_BT_IntClock_Start)
.\CortexM3\ARM_GCC_541\Debug\Project4.a(isr_RX.o)
                              .\CortexM3\ARM_GCC_541\Debug\main.o (isr_RX_StartEx)
.\CortexM3\ARM_GCC_541\Debug\Project4.a(isr_LED.o)
                              .\CortexM3\ARM_GCC_541\Debug\main.o (isr_LED_StartEx)
.\CortexM3\ARM_GCC_541\Debug\Project4.a(CyBootAsmGnu.o)
                              .\CortexM3\ARM_GCC_541\Debug\cyfitter_cfg.o (CyDelayCycles)
.\CortexM3\ARM_GCC_541\Debug\Project4.a(CyFlash.o)
                              .\CortexM3\ARM_GCC_541\Debug\Project4.a(cyPm.o) (CyFlash_SetWaitCycles)
.\CortexM3\ARM_GCC_541\Debug\Project4.a(CySpc.o)
                              .\CortexM3\ARM_GCC_541\Debug\Project4.a(CyFlash.o) (CySpcStart)
c:/program files (x86)/cypress/psoc creator/4.4/psoc creator/import/gnu/arm/5.4.1/bin/../lib/gcc/arm-none-eabi/5.4.1/../../../../arm-none-eabi/lib/armv7-m\libg_nano.a(lib_a-errno.o)
                              .\CortexM3\ARM_GCC_541\Debug\Cm3Start.o (__errno)
c:/program files (x86)/cypress/psoc creator/4.4/psoc creator/import/gnu/arm/5.4.1/bin/../lib/gcc/arm-none-eabi/5.4.1/../../../../arm-none-eabi/lib/armv7-m\libg_nano.a(lib_a-exit.o)
                              c:/program files (x86)/cypress/psoc creator/4.4/psoc creator/import/gnu/arm/5.4.1/bin/../lib/gcc/arm-none-eabi/5.4.1/../../../../arm-none-eabi/lib/armv7-m/crt0.o (exit)
c:/program files (x86)/cypress/psoc creator/4.4/psoc creator/import/gnu/arm/5.4.1/bin/../lib/gcc/arm-none-eabi/5.4.1/../../../../arm-none-eabi/lib/armv7-m\libg_nano.a(lib_a-impure.o)
                              c:/program files (x86)/cypress/psoc creator/4.4/psoc creator/import/gnu/arm/5.4.1/bin/../lib/gcc/arm-none-eabi/5.4.1/../../../../arm-none-eabi/lib/armv7-m\libg_nano.a(lib_a-exit.o) (_global_impure_ptr)
c:/program files (x86)/cypress/psoc creator/4.4/psoc creator/import/gnu/arm/5.4.1/bin/../lib/gcc/arm-none-eabi/5.4.1/../../../../arm-none-eabi/lib/armv7-m\libg_nano.a(lib_a-init.o)
                              c:/program files (x86)/cypress/psoc creator/4.4/psoc creator/import/gnu/arm/5.4.1/bin/../lib/gcc/arm-none-eabi/5.4.1/../../../../arm-none-eabi/lib/armv7-m/crt0.o (__libc_init_array)
c:/program files (x86)/cypress/psoc creator/4.4/psoc creator/import/gnu/arm/5.4.1/bin/../lib/gcc/arm-none-eabi/5.4.1/../../../../arm-none-eabi/lib/armv7-m\libg_nano.a(lib_a-memcpy-stub.o)
                              .\CortexM3\ARM_GCC_541\Debug\cyfitter_cfg.o (memcpy)
c:/program files (x86)/cypress/psoc creator/4.4/psoc creator/import/gnu/arm/5.4.1/bin/../lib/gcc/arm-none-eabi/5.4.1/../../../../arm-none-eabi/lib/armv7-m\libg_nano.a(lib_a-memset.o)
                              c:/program files (x86)/cypress/psoc creator/4.4/psoc creator/import/gnu/arm/5.4.1/bin/../lib/gcc/arm-none-eabi/5.4.1/../../../../arm-none-eabi/lib/armv7-m/crt0.o (memset)
c:/program files (x86)/cypress/psoc creator/4.4/psoc creator/import/gnu/arm/5.4.1/bin/../lib/gcc/arm-none-eabi/5.4.1/../../../../arm-none-eabi/lib/armv7-m\libg_nano.a(lib_a-sprintf.o)
                              .\CortexM3\ARM_GCC_541\Debug\main.o (sprintf)
[...]
Memory Configuration

Name             Origin             Length             Attributes
rom              0x00000000         0x00040000         xr
ram              0x1fff8000         0x00010000         xrw
*default*        0x00000000         0xffffffff

Linker script and memory map

LOAD c:/program files (x86)/cypress/psoc creator/4.4/psoc creator/import/gnu/arm/5.4.1/bin/../lib/gcc/arm-none-eabi/5.4.1/armv7-m/crti.o
LOAD c:/program files (x86)/cypress/psoc creator/4.4/psoc creator/import/gnu/arm/5.4.1/bin/../lib/gcc/arm-none-eabi/5.4.1/armv7-m/crtbegin.o
LOAD c:/program files (x86)/cypress/psoc creator/4.4/psoc creator/import/gnu/arm/5.4.1/bin/../lib/gcc/arm-none-eabi/5.4.1/../../../../arm-none-eabi/lib/armv7-m/crt0.o
START GROUP
LOAD .\CortexM3\ARM_GCC_541\Debug\main.o
LOAD .\CortexM3\ARM_GCC_541\Debug\I2C_Interface.o
LOAD .\CortexM3\ARM_GCC_541\Debug\InterruptRoutines.o
LOAD .\CortexM3\ARM_GCC_541\Debug\cyfitter_cfg.o
LOAD .\CortexM3\ARM_GCC_541\Debug\cymetadata.o
LOAD .\CortexM3\ARM_GCC_541\Debug\Cm3Start.o
LOAD .\CortexM3\ARM_GCC_541\Debug\Project4.a
LOAD C:\Program Files (x86)\Cypress\PSoC Creator\4.4\PSoC Creator\psoc\content\cycomponentlibrary\CyComponentLibrary.cylib\CortexM3\ARM_GCC_541\Debug\CyComponentLibrary.a
END GROUP
START GROUP
LOAD c:/program files (x86)/cypress/psoc creator/4.4/psoc creator/import/gnu/arm/5.4.1/bin/../lib/gcc/arm-none-eabi/5.4.1/armv7-m\libgcc.a
LOAD c:/program files (x86)/cypress/psoc creator/4.4/psoc creator/import/gnu/arm/5.4.1/bin/../lib/gcc/arm-none-eabi/5.4.1/../../../../arm-none-eabi/lib/armv7-m\libg_nano.a
LOAD c:/program files (x86)/cypress/psoc creator/4.4/psoc creator/import/gnu/arm/5.4.1/bin/../lib/gcc/arm-none-eabi/5.4.1/../../../../arm-none-eabi/lib/armv7-m\libc_nano.a
END GROUP
START GROUP
LOAD c:/program files (x86)/cypress/psoc creator/4.4/psoc creator/import/gnu/arm/5.4.1/bin/../lib/gcc/arm-none-eabi/5.4.1/armv7-m\libgcc.a
LOAD c:/program files (x86)/cypress/psoc creator/4.4/psoc creator/import/gnu/arm/5.4.1/bin/../lib/gcc/arm-none-eabi/5.4.1/../../../../arm-none-eabi/lib/armv7-m\libc_nano.a
END GROUP
LOAD c:/program files (x86)/cypress/psoc creator/4.4/psoc creator/import/gnu/arm/5.4.1/bin/../lib/gcc/arm-none-eabi/5.4.1/armv7-m/crtend.o
LOAD c:/program files (x86)/cypress/psoc creator/4.4/psoc creator/import/gnu/arm/5.4.1/bin/../lib/gcc/arm-none-eabi/5.4.1/armv7-m/crtn.o
START GROUP
LOAD c:/program files (x86)/cypress/psoc creator/4.4/psoc creator/import/gnu/arm/5.4.1/bin/../lib/gcc/arm-none-eabi/5.4.1/armv7-m\libgcc.a
LOAD c:/program files (x86)/cypress/psoc creator/4.4/psoc creator/import/gnu/arm/5.4.1/bin/../lib/gcc/arm-none-eabi/5.4.1/../../../../arm-none-eabi/lib/armv7-m\libc.a
LOAD c:/program files (x86)/cypress/psoc creator/4.4/psoc creator/import/gnu/arm/5.4.1/bin/../lib/gcc/arm-none-eabi/5.4.1/../../../../arm-none-eabi/lib/armv7-m\libnosys.a
END GROUP
                0x00000000                CY_APPL_ORIGIN = 0x0
                0x00000100                CY_FLASH_ROW_SIZE = 0x100
                0x00000020                CY_ECC_ROW_SIZE = 0x20
                0x00000000                CY_EE_IN_BTLDR = 0x0
                0x00000000                CY_APPL_LOADABLE = 0x0
                0x00000800                CY_EE_SIZE = 0x800
                0x00000001                CY_APPL_NUM = 0x1
                0x00000001                CY_APPL_MAX = 0x1
                0x00000040                CY_METADATA_SIZE = 0x40
                0x00000000                CY_APPL_LOADABLE = 0x0
                0x00000000                CY_CHECKSUM_EXCLUDE_SIZE = ALIGN (0x0, CY_FLASH_ROW_SIZE)
                [!provide]                PROVIDE (__cy_heap_start, _end)
                0x00000001                PROVIDE (__cy_region_num, ((__cy_regions_end - __cy_regions) / 0x10))
                0x20008000                PROVIDE (__cy_stack, (ORIGIN (ram) + LENGTH (ram)))
                [!provide]                PROVIDE (__cy_heap_end, (__cy_stack - 0x800))

.cybootloader   0x00000000        0x0
 *(.cybootloader)
                0x00000000                appl1_start = CY_APPL_ORIGIN?CY_APPL_ORIGIN:ALIGN (CY_FLASH_ROW_SIZE)
                0x0001ff00                appl2_start = (appl1_start + ALIGN ((((LENGTH (rom) - appl1_start) - (0x2 * CY_FLASH_ROW_SIZE)) / 0x2), CY_FLASH_ROW_SIZE))
                0x00000000                appl_start = (CY_APPL_NUM == 0x1)?appl1_start:appl2_start
                0x00000000                ecc_offset = ((appl_start / CY_FLASH_ROW_SIZE) * CY_ECC_ROW_SIZE)
                0x00000000                ee_offset = (CY_APPL_LOADABLE && ! (CY_EE_IN_BTLDR))?((CY_EE_SIZE / CY_APPL_MAX) * (CY_APPL_NUM - 0x1)):0x0
                0x00000800                ee_size = (CY_APPL_LOADABLE && ! (CY_EE_IN_BTLDR))?(CY_EE_SIZE / CY_APPL_MAX):CY_EE_SIZE
                [!provide]                PROVIDE (CY_ECC_OFFSET, ecc_offset)

.text           0x00000000     0x1b38
 CREATE_OBJECT_SYMBOLS
                0x00000000                PROVIDE (__cy_interrupt_vector, RomVectors)
 *(.romvectors)
 .romvectors    0x00000000       0x10 .\CortexM3\ARM_GCC_541\Debug\Cm3Start.o
                0x00000000                RomVectors
                0x00000001                ASSERT ((. != __cy_interrupt_vector), No interrupt vector)
                0x00000001                ASSERT (CY_APPL_ORIGIN?(SIZEOF (.cybootloader) <= CY_APPL_ORIGIN):0x1, Wrong image location)
                0x00000010                PROVIDE (__cy_reset, Reset)
 *(.text.Reset)
 .text.Reset    0x00000010       0x18 .\CortexM3\ARM_GCC_541\Debug\Cm3Start.o
                0x00000010                Reset
                0x00000001                ASSERT ((. != __cy_reset), No reset code)
 *(.dma_init)
                0x00000001                ASSERT ((((appl_start + .) <= 0x10000) || 0x1), DMA Init must be within the first 64k of flash)
 *(.text .text.* .gnu.linkonce.t.*)
 .text          0x00000028       0x5c c:/program files (x86)/cypress/psoc creator/4.4/psoc creator/import/gnu/arm/5.4.1/bin/../lib/gcc/arm-none-eabi/5.4.1/armv7-m/crtbegin.o
 .text.main     0x00000084      0x138 .\CortexM3\ARM_GCC_541\Debug\main.o
                0x00000084                main
 .text.I2C_Peripheral_Start
                0x000001bc        0xc .\CortexM3\ARM_GCC_541\Debug\I2C_Interface.o
                0x000001bc                I2C_Peripheral_Start
 .text.I2C_Peripheral_ReadRegister
                0x000001c8       0x3c .\CortexM3\ARM_GCC_541\Debug\I2C_Interface.o
                0x000001c8                I2C_Peripheral_ReadRegister
 .text.I2C_Peripheral_ReadRegisterMulti
                0x00000204       0x64 .\CortexM3\ARM_GCC_541\Debug\I2C_Interface.o
                0x00000204                I2C_Peripheral_ReadRegisterMulti
 .text.I2C_Peripheral_WriteRegister
                0x00000268       0x30 .\CortexM3\ARM_GCC_541\Debug\I2C_Interface.o
                0x00000268                I2C_Peripheral_WriteRegister
 .text.deviceStart
                0x00000298      0x294 .\CortexM3\ARM_GCC_541\Debug\I2C_Interface.o
                0x00000298                deviceStart
 .text.Custom_ISR_RX
                0x0000052c       0x38 .\CortexM3\ARM_GCC_541\Debug\InterruptRoutines.o
                0x0000052c                Custom_ISR_RX
 .text.Custom_ISR_LED
                0x00000564       0x2c .\CortexM3\ARM_GCC_541\Debug\InterruptRoutines.o
                0x00000564                Custom_ISR_LED
 .text.CyClockStartupError
                0x00000590        0x4 .\CortexM3\ARM_GCC_541\Debug\cyfitter_cfg.o
 .text.cfg_write_bytes32
                0x00000594       0x34 .\CortexM3\ARM_GCC_541\Debug\cyfitter_cfg.o
 .text.AnalogSetDefault
                0x000005c8       0x28 .\CortexM3\ARM_GCC_541\Debug\cyfitter_cfg.o
 .text.CYMEMZERO
                0x000005f0        0xc .\CortexM3\ARM_GCC_541\Debug\cyfitter_cfg.o
 .text.ClockSetup
                0x000005fc       0xe4 .\CortexM3\ARM_GCC_541\Debug\cyfitter_cfg.o
 .text.CYCONFIGCPY
                0x000006e0        0x8 .\CortexM3\ARM_GCC_541\Debug\cyfitter_cfg.o
 .text.cyfitter_cfg
                0x000006e8      0x110 .\CortexM3\ARM_GCC_541\Debug\cyfitter_cfg.o
                0x000006e8                cyfitter_cfg
 .text.IntDefaultHandler
                0x000007f8       0x10 .\CortexM3\ARM_GCC_541\Debug\Cm3Start.o
                0x000007f8                IntDefaultHandler
 .text._sbrk    0x00000808       0x30 .\CortexM3\ARM_GCC_541\Debug\Cm3Start.o
                0x00000808                _sbrk
 .text.Start_c  0x00000838       0x4c .\CortexM3\ARM_GCC_541\Debug\Cm3Start.o
                0x00000838                Start_c
 .text.initialize_psoc
                0x00000884       0x68 .\CortexM3\ARM_GCC_541\Debug\Cm3Start.o
                0x00000884                initialize_psoc
 .text.UART_Init
                0x000008ec       0x28 .\CortexM3\ARM_GCC_541\Debug\Project4.a(UART.o)
                0x000008ec                UART_Init
 .text.UART_Enable
                0x00000914       0x38 .\CortexM3\ARM_GCC_541\Debug\Project4.a(UART.o)
                0x00000914                UART_Enable
 .text.UART_Start
                0x0000094c       0x1c .\CortexM3\ARM_GCC_541\Debug\Project4.a(UART.o)
                0x0000094c                UART_Start
 .text.UART_GetChar
                0x00000968       0x2c .\CortexM3\ARM_GCC_541\Debug\Project4.a(UART.o)
                0x00000968                UART_GetChar
 .text.UART_PutChar
                0x00000994       0x18 .\CortexM3\ARM_GCC_541\Debug\Project4.a(UART.o)
                0x00000994                UART_PutChar
 .text.UART_PutString
                0x000009ac       0x24 .\CortexM3\ARM_GCC_541\Debug\Project4.a(UART.o)
                0x000009ac                UART_PutString
 .text.Timer_LED_Enable
                0x000009d0       0x28 .\CortexM3\ARM_GCC_541\Debug\Project4.a(Timer_LED.o)
                0x000009d0                Timer_LED_Enable
 .text.Timer_LED_SetInterruptMode
                0x000009f8        0xc .\CortexM3\ARM_GCC_541\Debug\Project4.a(Timer_LED.o)
                0x000009f8                Timer_LED_SetInterruptMode
 .text.Timer_LED_ReadStatusRegister
                0x00000a04        0xc .\CortexM3\ARM_GCC_541\Debug\Project4.a(Timer_LED.o)
                0x00000a04                Timer_LED_ReadStatusRegister
 .text.Timer_LED_WritePeriod
                0x00000a10        0xc .\CortexM3\ARM_GCC_541\Debug\Project4.a(Timer_LED.o)
                0x00000a10                Timer_LED_WritePeriod
 .text.Timer_LED_WriteCounter
                0x00000a1c        0xc .\CortexM3\ARM_GCC_541\Debug\Project4.a(Timer_LED.o)
                0x00000a1c                Timer_LED_WriteCounter
 .text.Timer_LED_Init
                0x00000a28       0x68 .\CortexM3\ARM_GCC_541\Debug\Project4.a(Timer_LED.o)
                0x00000a28                Timer_LED_Init
 .text.Timer_LED_Start
                0x00000a90       0x1c .\CortexM3\ARM_GCC_541\Debug\Project4.a(Timer_LED.o)
                0x00000a90                Timer_LED_Start
 .text.I2C_Master_Init
                0x00000aac       0x68 .\CortexM3\ARM_GCC_541\Debug\Project4.a(I2C_Master.o)
                0x00000aac                I2C_Master_Init
 .text.I2C_Master_Enable
                0x00000b14       0x24 .\CortexM3\ARM_GCC_541\Debug\Project4.a(I2C_Master.o)
                0x00000b14                I2C_Master_Enable
 .text.I2C_Master_Start
                0x00000b38       0x28 .\CortexM3\ARM_GCC_541\Debug\Project4.a(I2C_Master.o)
                0x00000b38                I2C_Master_Start
 .text.I2C_Master_ISR
                0x00000b60      0x2d0 .\CortexM3\ARM_GCC_541\Debug\Project4.a(I2C_Master_INT.o)
                0x00000b60                I2C_Master_ISR
 .text.I2C_Master_MasterSendStart
                0x00000e30       0x80 .\CortexM3\ARM_GCC_541\Debug\Project4.a(I2C_Master_MASTER.o)
                0x00000e30                I2C_Master_MasterSendStart
 .text.I2C_Master_MasterSendRestart
                0x00000eb0       0x6c .\CortexM3\ARM_GCC_541\Debug\Project4.a(I2C_Master_MASTER.o)
                0x00000eb0                I2C_Master_MasterSendRestart
 .text.I2C_Master_MasterSendStop
                0x00000f1c       0x38 .\CortexM3\ARM_GCC_541\Debug\Project4.a(I2C_Master_MASTER.o)
                0x00000f1c                I2C_Master_MasterSendStop
 .text.I2C_Master_MasterWriteByte
                0x00000f54       0x58 .\CortexM3\ARM_GCC_541\Debug\Project4.a(I2C_Master_MASTER.o)
                0x00000f54                I2C_Master_MasterWriteByte
 .text.I2C_Master_MasterReadByte
                0x00000fac       0x58 .\CortexM3\ARM_GCC_541\Debug\Project4.a(I2C_Master_MASTER.o)
                0x00000fac                I2C_Master_MasterReadByte
 .text.Pin_LED_Write
                0x00001004       0x18 .\CortexM3\ARM_GCC_541\Debug\Project4.a(Pin_LED.o)
                0x00001004                Pin_LED_Write
 .text.Pin_LED_Read
                0x0000101c       0x10 .\CortexM3\ARM_GCC_541\Debug\Project4.a(Pin_LED.o)
                0x0000101c                Pin_LED_Read
 .text.UART_IntClock_Start
                0x0000102c       0x1c .\CortexM3\ARM_GCC_541\Debug\Project4.a(UART_IntClock.o)
                0x0000102c                UART_IntClock_Start
 .text.CyHalt   0x00001048        0x4 .\CortexM3\ARM_GCC_541\Debug\Project4.a(CyLib.o)
                0x00001048                CyHalt
 .text.CyDelay  0x0000104c       0x2c .\CortexM3\ARM_GCC_541\Debug\Project4.a(CyLib.o)
                0x0000104c                CyDelay
 .text.CyIntSetVector
                0x00001078       0x28 .\CortexM3\ARM_GCC_541\Debug\Project4.a(CyLib.o)
                0x00001078                CyIntSetVector
 .text.CyIntSetPriority
                0x000010a0       0x30 .\CortexM3\ARM_GCC_541\Debug\Project4.a(CyLib.o)
                0x000010a0                CyIntSetPriority
 .text.UART_BT_Init
                0x000010d0       0x24 .\CortexM3\ARM_GCC_541\Debug\Project4.a(UART_BT.o)
                0x000010d0                UART_BT_Init
 .text.UART_BT_Enable
                0x000010f4       0x38 .\CortexM3\ARM_GCC_541\Debug\Project4.a(UART_BT.o)
                0x000010f4                UART_BT_Enable
 .text.UART_BT_Start
                0x0000112c       0x1c .\CortexM3\ARM_GCC_541\Debug\Project4.a(UART_BT.o)
                0x0000112c                UART_BT_Start
 .text.UART_BT_PutChar
                0x00001148       0x18 .\CortexM3\ARM_GCC_541\Debug\Project4.a(UART_BT.o)
                0x00001148                UART_BT_PutChar
 .text.UART_BT_PutString
                0x00001160       0x24 .\CortexM3\ARM_GCC_541\Debug\Project4.a(UART_BT.o)
                0x00001160                UART_BT_PutString
 .text.UART_BT_IntClock_Start
                0x00001184       0x1c .\CortexM3\ARM_GCC_541\Debug\Project4.a(UART_BT_IntClock.o)
                0x00001184                UART_BT_IntClock_Start
 .text.isr_RX_SetVector
                0x000011a0        0xc .\CortexM3\ARM_GCC_541\Debug\Project4.a(isr_RX.o)
                0x000011a0                isr_RX_SetVector
 .text.isr_RX_SetPriority
                0x000011ac       0x10 .\CortexM3\ARM_GCC_541\Debug\Project4.a(isr_RX.o)
                0x000011ac                isr_RX_SetPriority
 .text.isr_RX_Enable
                0x000011bc        0xc .\CortexM3\ARM_GCC_541\Debug\Project4.a(isr_RX.o)
                0x000011bc                isr_RX_Enable
 .text.isr_RX_Disable
                0x000011c8        0xc .\CortexM3\ARM_GCC_541\Debug\Project4.a(isr_RX.o)
                0x000011c8                isr_RX_Disable
 .text.isr_RX_StartEx
                0x000011d4       0x1c .\CortexM3\ARM_GCC_541\Debug\Project4.a(isr_RX.o)
                0x000011d4                isr_RX_StartEx
 .text.isr_LED_SetVector
                0x000011f0       0x10 .\CortexM3\ARM_GCC_541\Debug\Project4.a(isr_LED.o)
                0x000011f0                isr_LED_SetVector
 .text.isr_LED_SetPriority
                0x00001200       0x10 .\CortexM3\ARM_GCC_541\Debug\Project4.a(isr_LED.o)
                0x00001200                isr_LED_SetPriority
 .text.isr_LED_Enable
                0x00001210       0x10 .\CortexM3\ARM_GCC_541\Debug\Project4.a(isr_LED.o)
                0x00001210                isr_LED_Enable
 .text.isr_LED_Disable
                0x00001220       0x10 .\CortexM3\ARM_GCC_541\Debug\Project4.a(isr_LED.o)
                0x00001220                isr_LED_Disable
 .text.isr_LED_StartEx
                0x00001230       0x1c .\CortexM3\ARM_GCC_541\Debug\Project4.a(isr_LED.o)
                0x00001230                isr_LED_StartEx
 *fill*         0x0000124c        0x4 
 .text          0x00001250       0x20 .\CortexM3\ARM_GCC_541\Debug\Project4.a(CyBootAsmGnu.o)
                0x00001250                CyDelayCycles
                0x00001260                CyEnterCriticalSection
                0x00001268                CyExitCriticalSection
 .text.__errno  0x00001270        0xc c:/program files (x86)/cypress/psoc creator/4.4/psoc creator/import/gnu/arm/5.4.1/bin/../lib/gcc/arm-none-eabi/5.4.1/../../../../arm-none-eabi/lib/armv7-m\libg_nano.a(lib_a-errno.o)
                0x00001270                __errno
 .text.__libc_init_array
                0x0000127c       0x4c c:/program files (x86)/cypress/psoc creator/4.4/psoc creator/import/gnu/arm/5.4.1/bin/../lib/gcc/arm-none-eabi/5.4.1/../../../../arm-none-eabi/lib/armv7-m\libg_nano.a(lib_a-init.o)
                0x0000127c                __libc_init_array
 .text.memcpy   0x000012c8       0x16 c:/program files (x86)/cypress/psoc creator/4.4/psoc creator/import/gnu/arm/5.4.1/bin/../lib/gcc/arm-none-eabi/5.4.1/../../../../arm-none-eabi/lib/armv7-m\libg_nano.a(lib_a-memcpy-stub.o)
                0x000012c8                memcpy
 .text.memset   0x000012de       0x10 c:/program files (x86)/cypress/psoc creator/4.4/psoc creator/import/gnu/arm/5.4.1/bin/../lib/gcc/arm-none-eabi/5.4.1/../../../../arm-none-eabi/lib/armv7-m\libg_nano.a(lib_a-memset.o)
                0x000012de                memset
 *fill*         0x000012ee        0x2 
 .text.sprintf  0x000012f0       0x48 c:/program files (x86)/cypress/psoc creator/4.4/psoc creator/import/gnu/arm/5.4.1/bin/../lib/gcc/arm-none-eabi/5.4.1/../../../../arm-none-eabi/lib/armv7-m\libg_nano.a(lib_a-sprintf.o)
                0x000012f0                siprintf
                0x000012f0                sprintf
 .text.__ssputs_r
                0x00001338       0xb2 c:/program files (x86)/cypress/psoc creator/4.4/psoc creator/import/gnu/arm/5.4.1/bin/../lib/gcc/arm-none-eabi/5.4.1/../../../../arm-none-eabi/lib/armv7-m\libg_nano.a(lib_a-nano-svfprintf.o)
                0x00001338                __ssputs_r
 *fill*         0x000013ea        0x2 
 .text._svfprintf_r
                0x000013ec      0x1e8 c:/program files (x86)/cypress/psoc creator/4.4/psoc creator/import/gnu/arm/5.4.1/bin/../lib/gcc/arm-none-eabi/5.4.1/../../../../arm-none-eabi/lib/armv7-m\libg_nano.a(lib_a-nano-svfprintf.o)
                0x000013ec                _svfiprintf_r
                0x000013ec                _svfprintf_r
 .text._printf_common
                0x000015d4       0xec c:/program files (x86)/cypress/psoc creator/4.4/psoc creator/import/gnu/arm/5.4.1/bin/../lib/gcc/arm-none-eabi/5.4.1/../../../../arm-none-eabi/lib/armv7-m\libg_nano.a(lib_a-nano-vfprintf_i.o)
                0x000015d4                _printf_common
 .text._printf_i
                0x000016c0      0x24c c:/program files (x86)/cypress/psoc creator/4.4/psoc creator/import/gnu/arm/5.4.1/bin/../lib/gcc/arm-none-eabi/5.4.1/../../../../arm-none-eabi/lib/armv7-m\libg_nano.a(lib_a-nano-vfprintf_i.o)
                0x000016c0                _printf_i
 .text.memchr   0x0000190c       0x1c c:/program files (x86)/cypress/psoc creator/4.4/psoc creator/import/gnu/arm/5.4.1/bin/../lib/gcc/arm-none-eabi/5.4.1/../../../../arm-none-eabi/lib/armv7-m\libg_nano.a(lib_a-memchr-stub.o)
                0x0000190c                memchr
 .text.memmove  0x00001928       0x36 c:/program files (x86)/cypress/psoc creator/4.4/psoc creator/import/gnu/arm/5.4.1/bin/../lib/gcc/arm-none-eabi/5.4.1/../../../../arm-none-eabi/lib/armv7-m\libg_nano.a(lib_a-memmove.o)
                0x00001928                memmove
 *fill*         0x0000195e        0x2 
 .text._free_r  0x00001960       0x98 c:/program files (x86)/cypress/psoc creator/4.4/psoc creator/import/gnu/arm/5.4.1/bin/../lib/gcc/arm-none-eabi/5.4.1/../../../../arm-none-eabi/lib/armv7-m\libg_nano.a(lib_a-nano-freer.o)
                0x00001960                _free_r
 .text._malloc_r
                0x000019f8       0xbc c:/program files (x86)/cypress/psoc creator/4.4/psoc creator/import/gnu/arm/5.4.1/bin/../lib/gcc/arm-none-eabi/5.4.1/../../../../arm-none-eabi/lib/armv7-m\libg_nano.a(lib_a-nano-mallocr.o)
                0x000019f8                _malloc_r
 .text._realloc_r
                0x00001ab4       0x4c c:/program files (x86)/cypress/psoc creator/4.4/psoc creator/import/gnu/arm/5.4.1/bin/../lib/gcc/arm-none-eabi/5.4.1/../../../../arm-none-eabi/lib/armv7-m\libg_nano.a(lib_a-nano-reallocr.o)
                0x00001ab4                _realloc_r
 .text._sbrk_r  0x00001b00       0x20 c:/program files (x86)/cypress/psoc creator/4.4/psoc creator/import/gnu/arm/5.4.1/bin/../lib/gcc/arm-none-eabi/5.4.1/../../../../arm-none-eabi/lib/armv7-m\libg_nano.a(lib_a-sbrkr.o)
                0x00001b00                _sbrk_r
 .text.__malloc_lock
                0x00001b20        0x2 c:/program files (x86)/cypress/psoc creator/4.4/psoc creator/import/gnu/arm/5.4.1/bin/../lib/gcc/arm-none-eabi/5.4.1/../../../../arm-none-eabi/lib/armv7-m\libg_nano.a(lib_a-mlock.o)
                0x00001b20                __malloc_lock
 .text.__malloc_unlock
                0x00001b22        0x2 c:/program files (x86)/cypress/psoc creator/4.4/psoc creator/import/gnu/arm/5.4.1/bin/../lib/gcc/arm-none-eabi/5.4.1/../../../../arm-none-eabi/lib/armv7-m\libg_nano.a(lib_a-mlock.o)
                0x00001b22                __malloc_unlock
 .text._malloc_usable_size_r
                0x00001b24       0x14 c:/program files (x86)/cypress/psoc creator/4.4/psoc creator/import/gnu/arm/5.4.1/bin/../lib/gcc/arm-none-eabi/5.4.1/../../../../arm-none-eabi/lib/armv7-m\libg_nano.a(lib_a-nano-msizer.o)
                0x00001b24                _malloc_usable_size_r
 *(.plt)
 *(.gnu.warning)
 *(.glue_7t)
 .glue_7t       0x00001b38        0x0 linker stubs
 *(.glue_7)
 .glue_7        0x00001b38        0x0 linker stubs
 *(.vfp11_veneer)
 .vfp11_veneer  0x00001b38        0x0 linker stubs
 *(.bootloader)
 *(.ARM.extab* .gnu.linkonce.armextab.*)
 *(.gcc_except_table)

.v4_bx          0x00001b38        0x0
 .v4_bx         0x00001b38        0x0 linker stubs

.iplt           0x00001b38        0x0
 .iplt          0x00001b38        0x0 c:/program files (x86)/cypress/psoc creator/4.4/psoc creator/import/gnu/arm/5.4.1/bin/../lib/gcc/arm-none-eabi/5.4.1/armv7-m/crtbegin.o

.eh_frame_hdr
 *(.eh_frame_hdr)

.eh_frame       0x00001b38        0x4
 *(.eh_frame)
 .eh_frame      0x00001b38        0x0 c:/program files (x86)/cypress/psoc creator/4.4/psoc creator/import/gnu/arm/5.4.1/bin/../lib/gcc/arm-none-eabi/5.4.1/armv7-m/crtbegin.o
 .eh_frame      0x00001b38        0x4 c:/program files (x86)/cypress/psoc creator/4.4/psoc creator/import/gnu/arm/5.4.1/bin/../lib/gcc/arm-none-eabi/5.4.1/armv7-m/crtend.o
                [!provide]                PROVIDE (__exidx_start, .)

.ARM.exidx
 *(.ARM.exidx* .gnu.linkonce.armexidx.*)
                0x00001b3c                __exidx_end = .

.rodata         0x00001b3c      0x434
 *(.rodata .rodata.* .gnu.linkonce.r.*)
 .rodata.str1.4
                0x00001b3c       0x22 .\CortexM3\ARM_GCC_541\Debug\main.o
 *fill*         0x00001b5e        0x2 
 .rodata.str1.4
                0x00001b60      0x348 .\CortexM3\ARM_GCC_541\Debug\I2C_Interface.o
                                0x347 (size before relaxing)
 .rodata        0x00001ea8       0x58 .\CortexM3\ARM_GCC_541\Debug\cyfitter_cfg.o
 .rodata.str1.1
                0x00001f00        0x2 c:/program files (x86)/cypress/psoc creator/4.4/psoc creator/import/gnu/arm/5.4.1/bin/../lib/gcc/arm-none-eabi/5.4.1/../../../../arm-none-eabi/lib/armv7-m\libg_nano.a(lib_a-impure.o)
 .rodata.str1.1
                0x00001f02       0x11 c:/program files (x86)/cypress/psoc creator/4.4/psoc creator/import/gnu/arm/5.4.1/bin/../lib/gcc/arm-none-eabi/5.4.1/../../../../arm-none-eabi/lib/armv7-m\libg_nano.a(lib_a-nano-svfprintf.o)
 .rodata.str1.1
                0x00001f13       0x22 c:/program files (x86)/cypress/psoc creator/4.4/psoc creator/import/gnu/arm/5.4.1/bin/../lib/gcc/arm-none-eabi/5.4.1/../../../../arm-none-eabi/lib/armv7-m\libg_nano.a(lib_a-nano-vfprintf_i.o)
                0x00001f38                . = ALIGN (0x4)
 *fill*         0x00001f35        0x3 
 *(.init)
 .init          0x00001f38        0x4 c:/program files (x86)/cypress/psoc creator/4.4/psoc creator/import/gnu/arm/5.4.1/bin/../lib/gcc/arm-none-eabi/5.4.1/armv7-m/crti.o
                0x00001f38                _init
 .init          0x00001f3c        0x8 c:/program files (x86)/cypress/psoc creator/4.4/psoc creator/import/gnu/arm/5.4.1/bin/../lib/gcc/arm-none-eabi/5.4.1/armv7-m/crtn.o
                0x00001f44                . = ALIGN (0x4)
                0x00001f44                __preinit_array_start = .
 *(.preinit_array)
                0x00001f44                __preinit_array_end = .
                0x00001f44                . = ALIGN (0x4)
                0x00001f44                __init_array_start = .
 *(SORT(.init_array.*))
 *(.init_array)
 .init_array    0x00001f44        0x4 c:/program files (x86)/cypress/psoc creator/4.4/psoc creator/import/gnu/arm/5.4.1/bin/../lib/gcc/arm-none-eabi/5.4.1/armv7-m/crtbegin.o
 .init_array    0x00001f48        0x4 .\CortexM3\ARM_GCC_541\Debug\Cm3Start.o
                0x00001f4c                __init_array_end = .
                0x00001f4c                . = ALIGN (0x4)
 *(.fini)
 .fini          0x00001f4c        0x4 c:/program files (x86)/cypress/psoc creator/4.4/psoc creator/import/gnu/arm/5.4.1/bin/../lib/gcc/arm-none-eabi/5.4.1/armv7-m/crti.o
                0x00001f4c                _fini
 .fini          0x00001f50        0x8 c:/program files (x86)/cypress/psoc creator/4.4/psoc creator/import/gnu/arm/5.4.1/bin/../lib/gcc/arm-none-eabi/5.4.1/armv7-m/crtn.o
                0x00001f58                . = ALIGN (0x4)
                0x00001f58                __fini_array_start = .
 *(.fini_array)
 .fini_array    0x00001f58        0x4 c:/program files (x86)/cypress/psoc creator/4.4/psoc creator/import/gnu/arm/5.4.1/bin/../lib/gcc/arm-none-eabi/5.4.1/armv7-m/crtbegin.o
 *(SORT(.fini_array.*))
                0x00001f5c                __fini_array_end = .
                0x00001f5c                . = ALIGN (0x4)
 *crtbegin.o(.ctors)
 *(EXCLUDE_FILE(*crtend.o) .ctors)
 *(SORT(.ctors.*))
 *crtend.o(.ctors)
                0x00001f5c                . = ALIGN (0x4)
 *crtbegin.o(.dtors)
 *(EXCLUDE_FILE(*crtend.o) .dtors)
 *(SORT(.dtors.*))
 *crtend.o(.dtors)
                0x00001f5c                . = ALIGN (0x4)
                0x00001f5c                __cy_regions = .
                0x00001f5c        0x4 LONG 0x1f70 __cy_region_init_ram
                0x00001f60        0x4 LONG 0x1fff80c8 __cy_region_start_data
                0x00001f64        0x4 LONG 0x80 __cy_region_init_size_ram
                0x00001f68        0x4 LONG 0x230 __cy_region_zero_size_ram
                0x00001f6c                __cy_regions_end = .
                0x00001f70                . = ALIGN (0x8)
 *fill*         0x00001f6c        0x4 
                0x00001f70                _etext = .

.cy_checksum_exclude
                0x00001f70        0x0
 *(.cy_checksum_exclude)

.ramvectors     0x1fff8000       0xc0
                0x1fff8000                __cy_region_start_ram = .
 *(.ramvectors)
 .ramvectors    0x1fff8000       0xc0 .\CortexM3\ARM_GCC_541\Debug\Cm3Start.o
                0x1fff8000                CyRamVectors

.noinit         0x1fff80c0        0x1
 *(.noinit)
 .noinit        0x1fff80c0        0x1 .\CortexM3\ARM_GCC_541\Debug\Project4.a(CyLib.o)
                0x1fff80c0                CyResetStatus

.data           0x1fff80c8       0x80 load address 0x00001f70
                0x1fff80c8                __cy_region_start_data = .
 *(.jcr)
 .jcr           0x1fff80c8        0x0 c:/program files (x86)/cypress/psoc creator/4.4/psoc creator/import/gnu/arm/5.4.1/bin/../lib/gcc/arm-none-eabi/5.4.1/armv7-m/crtbegin.o
 .jcr           0x1fff80c8        0x4 c:/program files (x86)/cypress/psoc creator/4.4/psoc creator/import/gnu/arm/5.4.1/bin/../lib/gcc/arm-none-eabi/5.4.1/armv7-m/crtend.o
 *(.got.plt)
 *(.got)
 *(.shdata)
 *(.data .data.* .gnu.linkonce.d.*)
 .data          0x1fff80cc        0x2 .\CortexM3\ARM_GCC_541\Debug\main.o
                0x1fff80cc                regCount
 *fill*         0x1fff80ce        0x2 
 .data          0x1fff80d0        0x4 .\CortexM3\ARM_GCC_541\Debug\Cm3Start.o
 .data          0x1fff80d4       0x10 .\CortexM3\ARM_GCC_541\Debug\Project4.a(CyLib.o)
                0x1fff80d4                cydelay_32k_ms
                0x1fff80d8                cydelay_freq_khz
                0x1fff80dc                cydelay_freq_mhz
                0x1fff80e0                cydelay_freq_hz
 .data.impure_data
                0x1fff80e4       0x60 c:/program files (x86)/cypress/psoc creator/4.4/psoc creator/import/gnu/arm/5.4.1/bin/../lib/gcc/arm-none-eabi/5.4.1/../../../../arm-none-eabi/lib/armv7-m\libg_nano.a(lib_a-impure.o)
 .data._impure_ptr
                0x1fff8144        0x4 c:/program files (x86)/cypress/psoc creator/4.4/psoc creator/import/gnu/arm/5.4.1/bin/../lib/gcc/arm-none-eabi/5.4.1/../../../../arm-none-eabi/lib/armv7-m\libg_nano.a(lib_a-impure.o)
                0x1fff8144                _impure_ptr
                0x1fff8148                . = ALIGN (0x8)
 *(.ram)
                0x1fff8148                _edata = .

.igot.plt       0x1fff8148        0x0 load address 0x00001ff0
 .igot.plt      0x1fff8148        0x0 c:/program files (x86)/cypress/psoc creator/4.4/psoc creator/import/gnu/arm/5.4.1/bin/../lib/gcc/arm-none-eabi/5.4.1/armv7-m/crtbegin.o

.bss            0x1fff8148      0x230 load address 0x00001ff0
                0x1fff8148                PROVIDE (__bss_start__, .)
 *(.shbss)
 *(.bss .bss.* .gnu.linkonce.b.*)
 .bss           0x1fff8148       0x1c c:/program files (x86)/cypress/psoc creator/4.4/psoc creator/import/gnu/arm/5.4.1/bin/../lib/gcc/arm-none-eabi/5.4.1/armv7-m/crtbegin.o
 .bss           0x1fff8164       0x34 .\CortexM3\ARM_GCC_541\Debug\main.o
                0x1fff8164                message
                0x1fff8196                oldDeviceStatus
                0x1fff8197                ovrnStatus
 .bss           0x1fff8198        0x2 .\CortexM3\ARM_GCC_541\Debug\Project4.a(UART.o)
                0x1fff8198                UART_initVar
 .bss           0x1fff819a        0x1 .\CortexM3\ARM_GCC_541\Debug\Project4.a(Timer_LED.o)
                0x1fff819a                Timer_LED_initVar
 .bss           0x1fff819b        0x1 .\CortexM3\ARM_GCC_541\Debug\Project4.a(I2C_Master.o)
                0x1fff819b                I2C_Master_initVar
 .bss           0x1fff819c        0x2 .\CortexM3\ARM_GCC_541\Debug\Project4.a(UART_BT.o)
                0x1fff819c                UART_BT_initVar
 *fill*         0x1fff819e        0x2 
 .bss.__malloc_sbrk_start
                0x1fff81a0        0x4 c:/program files (x86)/cypress/psoc creator/4.4/psoc creator/import/gnu/arm/5.4.1/bin/../lib/gcc/arm-none-eabi/5.4.1/../../../../arm-none-eabi/lib/armv7-m\libg_nano.a(lib_a-nano-mallocr.o)
                0x1fff81a0                __malloc_sbrk_start
 .bss.__malloc_free_list
                0x1fff81a4        0x4 c:/program files (x86)/cypress/psoc creator/4.4/psoc creator/import/gnu/arm/5.4.1/bin/../lib/gcc/arm-none-eabi/5.4.1/../../../../arm-none-eabi/lib/armv7-m\libg_nano.a(lib_a-nano-mallocr.o)
                0x1fff81a4                __malloc_free_list
 *(COMMON)
 COMMON         0x1fff81a8      0x1b8 .\CortexM3\ARM_GCC_541\Debug\main.o
                0x1fff81a8                zAcc
                0x1fff81ac                reg
                0x1fff81b0                YData
                0x1fff81b2                outY
                0x1fff81b4                xAcc
                0x1fff81b8                outZ
                0x1fff81bc                zData
                0x1fff81fc                yAcc
                0x1fff8200                regStatus
                0x1fff8204                xData
                0x1fff8244                data
                0x1fff8304                problem
                0x1fff8308                count
                0x1fff830c                outX
                0x1fff830e                error
                0x1fff8310                ZData
                0x1fff8314                XData
                0x1fff8316                deviceStatus
                0x1fff8317                regSetting
                0x1fff8318                emptyBit
                0x1fff831c                yData
                0x1fff835c                fifoFull
                0x1fff835d                dataReady
                0x1fff835e                status
                0x1fff835f                fifo_status
 COMMON         0x1fff8360        0x2 .\CortexM3\ARM_GCC_541\Debug\InterruptRoutines.o
                0x1fff8360                ledStatus
                0x1fff8361                ch_received
 COMMON         0x1fff8362        0x1 .\CortexM3\ARM_GCC_541\Debug\Project4.a(I2C_Master.o)
                0x1fff8362                I2C_Master_state
 *fill*         0x1fff8363        0x1 
 COMMON         0x1fff8364        0xf .\CortexM3\ARM_GCC_541\Debug\Project4.a(I2C_Master_MASTER.o)
                0x1fff8364                I2C_Master_mstrRdBufIndex
                0x1fff8365                I2C_Master_mstrWrBufIndex
                0x1fff8366                I2C_Master_mstrWrBufSize
                0x1fff8368                I2C_Master_mstrWrBufPtr
                0x1fff836c                I2C_Master_mstrRdBufPtr
                0x1fff8370                I2C_Master_mstrControl
                0x1fff8371                I2C_Master_mstrStatus
                0x1fff8372                I2C_Master_mstrRdBufSize
 *fill*         0x1fff8373        0x1 
 COMMON         0x1fff8374        0x4 c:/program files (x86)/cypress/psoc creator/4.4/psoc creator/import/gnu/arm/5.4.1/bin/../lib/gcc/arm-none-eabi/5.4.1/../../../../arm-none-eabi/lib/armv7-m\libg_nano.a(lib_a-reent.o)
                0x1fff8374                errno
                0x1fff8378                . = ALIGN (0x8)
 *(.ram.b)
                0x1fff8378                _end = .
                0x1fff8378                __end = .
                0x1fff8378                PROVIDE (end, .)
                0x1fff8378                PROVIDE (__bss_end__, .)
                0x00001f70                __cy_region_init_ram = LOADADDR (.data)
                0x00000080                __cy_region_init_size_ram = (_edata - ADDR (.data))
                0x00000230                __cy_region_zero_size_ram = (_end - _edata)

.heap           0x1fff8378       0x80 load address 0x00001ff0
                0x1fff8378                . = _end
                0x1fff83f8                . = (. + 0x80)
 *fill*         0x1fff8378       0x80 
                0x1fff83f8                __cy_heap_limit = .

.stack          0x20007800      0x800
                0x20007800                __cy_stack_limit = .
                0x20008000                . = (. + 0x800)
 *fill*         0x20007800      0x800 
                0x00000001                ASSERT ((__cy_stack_limit >= __cy_heap_limit), region RAM overflowed with stack)
                0x00000000                cy_checksum_exclude_size = (CY_APPL_LOADABLE == 0x1)?SIZEOF (.cy_checksum_exclude):0x0
                0x00000001                ASSERT ((cy_checksum_exclude_size <= CY_CHECKSUM_EXCLUDE_SIZE), CY_BOOT: Section .cy_checksum_exclude size exceedes specified limit.)

.cyloadermeta
 *(.cyloadermeta)

.cyloadablemeta
 *(.cyloadablemeta)

.cyconfigecc    0x80000000      0x66c
 *(.cyconfigecc)
 .cyconfigecc   0x80000000      0x66c .\CortexM3\ARM_GCC_541\Debug\cymetadata.o
                0x80000000                cy_meta_configecc

.cycustnvl      0x90000000        0x4
 *(.cycustnvl)
 .cycustnvl     0x90000000        0x4 .\CortexM3\ARM_GCC_541\Debug\cymetadata.o
                0x90000000                cy_meta_custnvl

.cywolatch      0x90100000        0x4
 *(.cywolatch)
 .cywolatch     0x90100000        0x4 .\CortexM3\ARM_GCC_541\Debug\cymetadata.o
                0x90100000                cy_meta_wonvl

.cyeeprom       0x90200000        0x0
 *(.cyeeprom)
                0x00000001                ASSERT ((. <= ((0x90200000 + ee_offset) + ee_size)), .cyeeprom data will not fit in EEPROM)

.cyflashprotect
                0x90400000      0x100
 *(.cyflashprotect)
 .cyflashprotect
                0x90400000      0x100 .\CortexM3\ARM_GCC_541\Debug\cymetadata.o
                0x90400000                cy_meta_flashprotect

.cymeta         0x90500000        0xc
 *(.cymeta)
 .cymeta        0x90500000        0xc .\CortexM3\ARM_GCC_541\Debug\cymetadata.o
                0x90500000                cy_metadata

.rel.dyn        0x00001ff0        0x0 load address 0x9050000c
 .rel.iplt      0x00001ff0        0x0 c:/program files (x86)/cypress/psoc creator/4.4/psoc creator/import/gnu/arm/5.4.1/bin/../lib/gcc/arm-none-eabi/5.4.1/armv7-m/crtbegin.o

.stab
 *(.stab)

.stabstr
 *(.stabstr)

.debug
 *(.debug)

.line
 *(.line)

.debug_srcinfo
 *(.debug_srcinfo)

.debug_sfnames
 *(.debug_sfnames)

.debug_aranges  0x00000000      0xb50
 *(.debug_aranges)
 .debug_aranges
                0x00000000       0x20 .\CortexM3\ARM_GCC_541\Debug\main.o
 .debug_aranges
                0x00000020       0x60 .\CortexM3\ARM_GCC_541\Debug\I2C_Interface.o
 .debug_aranges
                0x00000080       0x28 .\CortexM3\ARM_GCC_541\Debug\InterruptRoutines.o
 .debug_aranges
                0x000000a8       0x58 .\CortexM3\ARM_GCC_541\Debug\cyfitter_cfg.o
 .debug_aranges
                0x00000100       0x18 .\CortexM3\ARM_GCC_541\Debug\cymetadata.o
 .debug_aranges
                0x00000118       0x48 .\CortexM3\ARM_GCC_541\Debug\Cm3Start.o
 .debug_aranges
                0x00000160       0xf0 .\CortexM3\ARM_GCC_541\Debug\Project4.a(UART.o)
 .debug_aranges
                0x00000250       0x88 .\CortexM3\ARM_GCC_541\Debug\Project4.a(Timer_LED.o)
 .debug_aranges
                0x000002d8       0x38 .\CortexM3\ARM_GCC_541\Debug\Project4.a(I2C_Master.o)
 .debug_aranges
                0x00000310       0x20 .\CortexM3\ARM_GCC_541\Debug\Project4.a(I2C_Master_INT.o)
 .debug_aranges
                0x00000330       0x38 .\CortexM3\ARM_GCC_541\Debug\Project4.a(I2C_Master_PM.o)
 .debug_aranges
                0x00000368       0x80 .\CortexM3\ARM_GCC_541\Debug\Project4.a(I2C_Master_MASTER.o)
 .debug_aranges
                0x000003e8       0x38 .\CortexM3\ARM_GCC_541\Debug\Project4.a(Pin_LED.o)
 .debug_aranges
                0x00000420       0x70 .\CortexM3\ARM_GCC_541\Debug\Project4.a(UART_IntClock.o)
 .debug_aranges
                0x00000490      0x2a0 .\CortexM3\ARM_GCC_541\Debug\Project4.a(CyLib.o)
 .debug_aranges
                0x00000730       0x98 .\CortexM3\ARM_GCC_541\Debug\Project4.a(cyPm.o)
 .debug_aranges
                0x000007c8       0xf0 .\CortexM3\ARM_GCC_541\Debug\Project4.a(UART_BT.o)
 .debug_aranges
                0x000008b8       0x70 .\CortexM3\ARM_GCC_541\Debug\Project4.a(UART_BT_IntClock.o)
 .debug_aranges
                0x00000928       0x80 .\CortexM3\ARM_GCC_541\Debug\Project4.a(isr_RX.o)
 .debug_aranges
                0x000009a8       0x80 .\CortexM3\ARM_GCC_541\Debug\Project4.a(isr_LED.o)
 .debug_aranges
                0x00000a28       0x20 .\CortexM3\ARM_GCC_541\Debug\Project4.a(CyBootAsmGnu.o)
 .debug_aranges
                0x00000a48       0x88 .\CortexM3\ARM_GCC_541\Debug\Project4.a(CyFlash.o)
 .debug_aranges
                0x00000ad0       0x80 .\CortexM3\ARM_GCC_541\Debug\Project4.a(CySpc.o)

.debug_pubnames
 *(.debug_pubnames)

.debug_info     0x00000000     0x6c6a
 *(.debug_info .gnu.linkonce.wi.*)
 .debug_info    0x00000000      0x54d .\CortexM3\ARM_GCC_541\Debug\main.o
 .debug_info    0x0000054d      0xc5d .\CortexM3\ARM_GCC_541\Debug\I2C_Interface.o
 .debug_info    0x000011aa      0x197 .\CortexM3\ARM_GCC_541\Debug\InterruptRoutines.o
 .debug_info    0x00001341      0x5a8 .\CortexM3\ARM_GCC_541\Debug\cyfitter_cfg.o
 .debug_info    0x000018e9      0x138 .\CortexM3\ARM_GCC_541\Debug\cymetadata.o
 .debug_info    0x00001a21      0x3bb .\CortexM3\ARM_GCC_541\Debug\Cm3Start.o
 .debug_info    0x00001ddc      0x60c .\CortexM3\ARM_GCC_541\Debug\Project4.a(UART.o)
 .debug_info    0x000023e8      0x295 .\CortexM3\ARM_GCC_541\Debug\Project4.a(Timer_LED.o)
 .debug_info    0x0000267d      0x2ad .\CortexM3\ARM_GCC_541\Debug\Project4.a(I2C_Master.o)
 .debug_info    0x0000292a      0x184 .\CortexM3\ARM_GCC_541\Debug\Project4.a(I2C_Master_INT.o)
 .debug_info    0x00002aae      0x207 .\CortexM3\ARM_GCC_541\Debug\Project4.a(I2C_Master_PM.o)
 .debug_info    0x00002cb5      0x407 .\CortexM3\ARM_GCC_541\Debug\Project4.a(I2C_Master_MASTER.o)
 .debug_info    0x000030bc      0x11f .\CortexM3\ARM_GCC_541\Debug\Project4.a(Pin_LED.o)
 .debug_info    0x000031db      0x283 .\CortexM3\ARM_GCC_541\Debug\Project4.a(UART_IntClock.o)
 .debug_info    0x0000345e     0x1374 .\CortexM3\ARM_GCC_541\Debug\Project4.a(CyLib.o)
 .debug_info    0x000047d2      0xa2a .\CortexM3\ARM_GCC_541\Debug\Project4.a(cyPm.o)
 .debug_info    0x000051fc      0x60c .\CortexM3\ARM_GCC_541\Debug\Project4.a(UART_BT.o)
 .debug_info    0x00005808      0x283 .\CortexM3\ARM_GCC_541\Debug\Project4.a(UART_BT_IntClock.o)
 .debug_info    0x00005a8b      0x2d2 .\CortexM3\ARM_GCC_541\Debug\Project4.a(isr_RX.o)
 .debug_info    0x00005d5d      0x2d2 .\CortexM3\ARM_GCC_541\Debug\Project4.a(isr_LED.o)
 .debug_info    0x0000602f       0x9e .\CortexM3\ARM_GCC_541\Debug\Project4.a(CyBootAsmGnu.o)
 .debug_info    0x000060cd      0x64d .\CortexM3\ARM_GCC_541\Debug\Project4.a(CyFlash.o)
 .debug_info    0x0000671a      0x550 .\CortexM3\ARM_GCC_541\Debug\Project4.a(CySpc.o)

.debug_abbrev   0x00000000     0x1cf7
 *(.debug_abbrev)
 .debug_abbrev  0x00000000      0x121 .\CortexM3\ARM_GCC_541\Debug\main.o
 .debug_abbrev  0x00000121      0x18f .\CortexM3\ARM_GCC_541\Debug\I2C_Interface.o
 .debug_abbrev  0x000002b0       0xa7 .\CortexM3\ARM_GCC_541\Debug\InterruptRoutines.o
 .debug_abbrev  0x00000357      0x20d .\CortexM3\ARM_GCC_541\Debug\cyfitter_cfg.o
 .debug_abbrev  0x00000564       0x77 .\CortexM3\ARM_GCC_541\Debug\cymetadata.o
 .debug_abbrev  0x000005db      0x1e8 .\CortexM3\ARM_GCC_541\Debug\Cm3Start.o
 .debug_abbrev  0x000007c3      0x175 .\CortexM3\ARM_GCC_541\Debug\Project4.a(UART.o)
 .debug_abbrev  0x00000938      0x11a .\CortexM3\ARM_GCC_541\Debug\Project4.a(Timer_LED.o)
 .debug_abbrev  0x00000a52      0x10a .\CortexM3\ARM_GCC_541\Debug\Project4.a(I2C_Master.o)
 .debug_abbrev  0x00000b5c       0xb6 .\CortexM3\ARM_GCC_541\Debug\Project4.a(I2C_Master_INT.o)
 .debug_abbrev  0x00000c12       0xfe .\CortexM3\ARM_GCC_541\Debug\Project4.a(I2C_Master_PM.o)
 .debug_abbrev  0x00000d10      0x13c .\CortexM3\ARM_GCC_541\Debug\Project4.a(I2C_Master_MASTER.o)
 .debug_abbrev  0x00000e4c       0x90 .\CortexM3\ARM_GCC_541\Debug\Project4.a(Pin_LED.o)
 .debug_abbrev  0x00000edc      0x139 .\CortexM3\ARM_GCC_541\Debug\Project4.a(UART_IntClock.o)
 .debug_abbrev  0x00001015      0x254 .\CortexM3\ARM_GCC_541\Debug\Project4.a(CyLib.o)
 .debug_abbrev  0x00001269      0x1ab .\CortexM3\ARM_GCC_541\Debug\Project4.a(cyPm.o)
 .debug_abbrev  0x00001414      0x175 .\CortexM3\ARM_GCC_541\Debug\Project4.a(UART_BT.o)
 .debug_abbrev  0x00001589      0x139 .\CortexM3\ARM_GCC_541\Debug\Project4.a(UART_BT_IntClock.o)
 .debug_abbrev  0x000016c2      0x173 .\CortexM3\ARM_GCC_541\Debug\Project4.a(isr_RX.o)
 .debug_abbrev  0x00001835      0x173 .\CortexM3\ARM_GCC_541\Debug\Project4.a(isr_LED.o)
 .debug_abbrev  0x000019a8       0x14 .\CortexM3\ARM_GCC_541\Debug\Project4.a(CyBootAsmGnu.o)
 .debug_abbrev  0x000019bc      0x1a7 .\CortexM3\ARM_GCC_541\Debug\Project4.a(CyFlash.o)
 .debug_abbrev  0x00001b63      0x194 .\CortexM3\ARM_GCC_541\Debug\Project4.a(CySpc.o)

.debug_line     0x00000000     0x2f40
 *(.debug_line)
 .debug_line    0x00000000      0x2b4 .\CortexM3\ARM_GCC_541\Debug\main.o
 .debug_line    0x000002b4      0x356 .\CortexM3\ARM_GCC_541\Debug\I2C_Interface.o
 .debug_line    0x0000060a      0x1bc .\CortexM3\ARM_GCC_541\Debug\InterruptRoutines.o
 .debug_line    0x000007c6      0x1f9 .\CortexM3\ARM_GCC_541\Debug\cyfitter_cfg.o
 .debug_line    0x000009bf      0x141 .\CortexM3\ARM_GCC_541\Debug\cymetadata.o
 .debug_line    0x00000b00      0x234 .\CortexM3\ARM_GCC_541\Debug\Cm3Start.o
 .debug_line    0x00000d34      0x2bc .\CortexM3\ARM_GCC_541\Debug\Project4.a(UART.o)
 .debug_line    0x00000ff0      0x157 .\CortexM3\ARM_GCC_541\Debug\Project4.a(Timer_LED.o)
 .debug_line    0x00001147       0xee .\CortexM3\ARM_GCC_541\Debug\Project4.a(I2C_Master.o)
 .debug_line    0x00001235      0x122 .\CortexM3\ARM_GCC_541\Debug\Project4.a(I2C_Master_INT.o)
 .debug_line    0x00001357       0xc9 .\CortexM3\ARM_GCC_541\Debug\Project4.a(I2C_Master_PM.o)
 .debug_line    0x00001420      0x20b .\CortexM3\ARM_GCC_541\Debug\Project4.a(I2C_Master_MASTER.o)
 .debug_line    0x0000162b       0x94 .\CortexM3\ARM_GCC_541\Debug\Project4.a(Pin_LED.o)
 .debug_line    0x000016bf      0x17c .\CortexM3\ARM_GCC_541\Debug\Project4.a(UART_IntClock.o)
 .debug_line    0x0000183b      0x816 .\CortexM3\ARM_GCC_541\Debug\Project4.a(CyLib.o)
 .debug_line    0x00002051      0x367 .\CortexM3\ARM_GCC_541\Debug\Project4.a(cyPm.o)
 .debug_line    0x000023b8      0x2c2 .\CortexM3\ARM_GCC_541\Debug\Project4.a(UART_BT.o)
 .debug_line    0x0000267a      0x17f .\CortexM3\ARM_GCC_541\Debug\Project4.a(UART_BT_IntClock.o)
 .debug_line    0x000027f9      0x133 .\CortexM3\ARM_GCC_541\Debug\Project4.a(isr_RX.o)
 .debug_line    0x0000292c      0x134 .\CortexM3\ARM_GCC_541\Debug\Project4.a(isr_LED.o)
 .debug_line    0x00002a60       0x66 .\CortexM3\ARM_GCC_541\Debug\Project4.a(CyBootAsmGnu.o)
 .debug_line    0x00002ac6      0x21a .\CortexM3\ARM_GCC_541\Debug\Project4.a(CyFlash.o)
 .debug_line    0x00002ce0      0x260 .\CortexM3\ARM_GCC_541\Debug\Project4.a(CySpc.o)

.debug_frame    0x00000000     0x1fac
 *(.debug_frame)
 .debug_frame   0x00000000       0x38 .\CortexM3\ARM_GCC_541\Debug\main.o
 .debug_frame   0x00000038      0x138 .\CortexM3\ARM_GCC_541\Debug\I2C_Interface.o
 .debug_frame   0x00000170       0x48 .\CortexM3\ARM_GCC_541\Debug\InterruptRoutines.o
 .debug_frame   0x000001b8       0xe4 .\CortexM3\ARM_GCC_541\Debug\cyfitter_cfg.o
 .debug_frame   0x0000029c       0xb8 .\CortexM3\ARM_GCC_541\Debug\Cm3Start.o
 .debug_frame   0x00000354      0x250 .\CortexM3\ARM_GCC_541\Debug\Project4.a(UART.o)
 .debug_frame   0x000005a4      0x108 .\CortexM3\ARM_GCC_541\Debug\Project4.a(Timer_LED.o)
 .debug_frame   0x000006ac       0x94 .\CortexM3\ARM_GCC_541\Debug\Project4.a(I2C_Master.o)
 .debug_frame   0x00000740       0x30 .\CortexM3\ARM_GCC_541\Debug\Project4.a(I2C_Master_INT.o)
 .debug_frame   0x00000770       0x74 .\CortexM3\ARM_GCC_541\Debug\Project4.a(I2C_Master_PM.o)
 .debug_frame   0x000007e4      0x138 .\CortexM3\ARM_GCC_541\Debug\Project4.a(I2C_Master_MASTER.o)
 .debug_frame   0x0000091c       0x50 .\CortexM3\ARM_GCC_541\Debug\Project4.a(Pin_LED.o)
 .debug_frame   0x0000096c       0xe0 .\CortexM3\ARM_GCC_541\Debug\Project4.a(UART_IntClock.o)
 .debug_frame   0x00000a4c      0x738 .\CortexM3\ARM_GCC_541\Debug\Project4.a(CyLib.o)
 .debug_frame   0x00001184      0x1f8 .\CortexM3\ARM_GCC_541\Debug\Project4.a(cyPm.o)
 .debug_frame   0x0000137c      0x250 .\CortexM3\ARM_GCC_541\Debug\Project4.a(UART_BT.o)
 .debug_frame   0x000015cc       0xe0 .\CortexM3\ARM_GCC_541\Debug\Project4.a(UART_BT_IntClock.o)
 .debug_frame   0x000016ac      0x104 .\CortexM3\ARM_GCC_541\Debug\Project4.a(isr_RX.o)
 .debug_frame   0x000017b0      0x104 .\CortexM3\ARM_GCC_541\Debug\Project4.a(isr_LED.o)
 .debug_frame   0x000018b4      0x194 .\CortexM3\ARM_GCC_541\Debug\Project4.a(CyFlash.o)
 .debug_frame   0x00001a48      0x180 .\CortexM3\ARM_GCC_541\Debug\Project4.a(CySpc.o)
 .debug_frame   0x00001bc8       0x20 c:/program files (x86)/cypress/psoc creator/4.4/psoc creator/import/gnu/arm/5.4.1/bin/../lib/gcc/arm-none-eabi/5.4.1/../../../../arm-none-eabi/lib/armv7-m\libg_nano.a(lib_a-errno.o)
 .debug_frame   0x00001be8       0x28 c:/program files (x86)/cypress/psoc creator/4.4/psoc creator/import/gnu/arm/5.4.1/bin/../lib/gcc/arm-none-eabi/5.4.1/../../../../arm-none-eabi/lib/armv7-m\libg_nano.a(lib_a-exit.o)
 .debug_frame   0x00001c10       0x2c c:/program files (x86)/cypress/psoc creator/4.4/psoc creator/import/gnu/arm/5.4.1/bin/../lib/gcc/arm-none-eabi/5.4.1/../../../../arm-none-eabi/lib/armv7-m\libg_nano.a(lib_a-init.o)
 .debug_frame   0x00001c3c       0x28 c:/program files (x86)/cypress/psoc creator/4.4/psoc creator/import/gnu/arm/5.4.1/bin/../lib/gcc/arm-none-eabi/5.4.1/../../../../arm-none-eabi/lib/armv7-m\libg_nano.a(lib_a-memcpy-stub.o)
 .debug_frame   0x00001c64       0x20 c:/program files (x86)/cypress/psoc creator/4.4/psoc creator/import/gnu/arm/5.4.1/bin/../lib/gcc/arm-none-eabi/5.4.1/../../../../arm-none-eabi/lib/armv7-m\libg_nano.a(lib_a-memset.o)
 .debug_frame   0x00001c84       0x70 c:/program files (x86)/cypress/psoc creator/4.4/psoc creator/import/gnu/arm/5.4.1/bin/../lib/gcc/arm-none-eabi/5.4.1/../../../../arm-none-eabi/lib/armv7-m\libg_nano.a(lib_a-sprintf.o)
 .debug_frame   0x00001cf4       0x90 c:/program files (x86)/cypress/psoc creator/4.4/psoc creator/import/gnu/arm/5.4.1/bin/../lib/gcc/arm-none-eabi/5.4.1/../../../../arm-none-eabi/lib/armv7-m\libg_nano.a(lib_a-nano-svfprintf.o)
 .debug_frame   0x00001d84       0x60 c:/program files (x86)/cypress/psoc creator/4.4/psoc creator/import/gnu/arm/5.4.1/bin/../lib/gcc/arm-none-eabi/5.4.1/../../../../arm-none-eabi/lib/armv7-m\libg_nano.a(lib_a-nano-vfprintf_i.o)
 .debug_frame   0x00001de4       0x28 c:/program files (x86)/cypress/psoc creator/4.4/psoc creator/import/gnu/arm/5.4.1/bin/../lib/gcc/arm-none-eabi/5.4.1/../../../../arm-none-eabi/lib/armv7-m\libg_nano.a(lib_a-memchr-stub.o)
 .debug_frame   0x00001e0c       0x28 c:/program files (x86)/cypress/psoc creator/4.4/psoc creator/import/gnu/arm/5.4.1/bin/../lib/gcc/arm-none-eabi/5.4.1/../../../../arm-none-eabi/lib/armv7-m\libg_nano.a(lib_a-memmove.o)
 .debug_frame   0x00001e34       0x38 c:/program files (x86)/cypress/psoc creator/4.4/psoc creator/import/gnu/arm/5.4.1/bin/../lib/gcc/arm-none-eabi/5.4.1/../../../../arm-none-eabi/lib/armv7-m\libg_nano.a(lib_a-nano-freer.o)
 .debug_frame   0x00001e6c       0x2c c:/program files (x86)/cypress/psoc creator/4.4/psoc creator/import/gnu/arm/5.4.1/bin/../lib/gcc/arm-none-eabi/5.4.1/../../../../arm-none-eabi/lib/armv7-m\libg_nano.a(lib_a-nano-mallocr.o)
 .debug_frame   0x00001e98       0x3c c:/program files (x86)/cypress/psoc creator/4.4/psoc creator/import/gnu/arm/5.4.1/bin/../lib/gcc/arm-none-eabi/5.4.1/../../../../arm-none-eabi/lib/armv7-m\libg_nano.a(lib_a-nano-reallocr.o)
 .debug_frame   0x00001ed4       0x2c c:/program files (x86)/cypress/psoc creator/4.4/psoc creator/import/gnu/arm/5.4.1/bin/../lib/gcc/arm-none-eabi/5.4.1/../../../../arm-none-eabi/lib/armv7-m\libg_nano.a(lib_a-sbrkr.o)
 .debug_frame   0x00001f00       0x30 c:/program files (x86)/cypress/psoc creator/4.4/psoc creator/import/gnu/arm/5.4.1/bin/../lib/gcc/arm-none-eabi/5.4.1/../../../../arm-none-eabi/lib/armv7-m\libg_nano.a(lib_a-mlock.o)
 .debug_frame   0x00001f30       0x20 c:/program files (x86)/cypress/psoc creator/4.4/psoc creator/import/gnu/arm/5.4.1/bin/../lib/gcc/arm-none-eabi/5.4.1/../../../../arm-none-eabi/lib/armv7-m\libg_nano.a(lib_a-nano-msizer.o)
 .debug_frame   0x00001f50       0x5c c:/program files (x86)/cypress/psoc creator/4.4/psoc creator/import/gnu/arm/5.4.1/bin/../lib/gcc/arm-none-eabi/5.4.1/../../../../arm-none-eabi/lib/armv7-m\libg_nano.a(lib_a-reent.o)

.debug_str      0x00000000     0x25ed
 *(.debug_str)
 .debug_str     0x00000000      0x32b .\CortexM3\ARM_GCC_541\Debug\main.o
                                0x39f (size before relaxing)
 .debug_str     0x0000032b      0x1d6 .\CortexM3\ARM_GCC_541\Debug\I2C_Interface.o
                                0x464 (size before relaxing)
 .debug_str     0x00000501       0x8c .\CortexM3\ARM_GCC_541\Debug\InterruptRoutines.o
                                0x25f (size before relaxing)
 .debug_str     0x0000058d      0x1b6 .\CortexM3\ARM_GCC_541\Debug\cyfitter_cfg.o
                                0x352 (size before relaxing)
 .debug_str     0x00000743       0x75 .\CortexM3\ARM_GCC_541\Debug\cymetadata.o
                                0x1f2 (size before relaxing)
 .debug_str     0x000007b8      0x144 .\CortexM3\ARM_GCC_541\Debug\Cm3Start.o
                                0x318 (size before relaxing)
 .debug_str     0x000008fc      0x2ad .\CortexM3\ARM_GCC_541\Debug\Project4.a(UART.o)
                                0x483 (size before relaxing)
 .debug_str     0x00000ba9      0x165 .\CortexM3\ARM_GCC_541\Debug\Project4.a(Timer_LED.o)
                                0x343 (size before relaxing)
 .debug_str     0x00000d0e      0x13f .\CortexM3\ARM_GCC_541\Debug\Project4.a(I2C_Master.o)
                                0x343 (size before relaxing)
 .debug_str     0x00000e4d       0xb7 .\CortexM3\ARM_GCC_541\Debug\Project4.a(I2C_Master_INT.o)
                                0x2ba (size before relaxing)
 .debug_str     0x00000f04       0x79 .\CortexM3\ARM_GCC_541\Debug\Project4.a(I2C_Master_PM.o)
                                0x2ca (size before relaxing)
 .debug_str     0x00000f7d      0x150 .\CortexM3\ARM_GCC_541\Debug\Project4.a(I2C_Master_MASTER.o)
                                0x453 (size before relaxing)
 .debug_str     0x000010cd       0x55 .\CortexM3\ARM_GCC_541\Debug\Project4.a(Pin_LED.o)
                                0x1fa (size before relaxing)
 .debug_str     0x00001122      0x183 .\CortexM3\ARM_GCC_541\Debug\Project4.a(UART_IntClock.o)
                                0x344 (size before relaxing)
 .debug_str     0x000012a5      0x7eb .\CortexM3\ARM_GCC_541\Debug\Project4.a(CyLib.o)
                                0xa55 (size before relaxing)
 .debug_str     0x00001a90      0x365 .\CortexM3\ARM_GCC_541\Debug\Project4.a(cyPm.o)
                                0x741 (size before relaxing)
 .debug_str     0x00001df5      0x264 .\CortexM3\ARM_GCC_541\Debug\Project4.a(UART_BT.o)
                                0x4e0 (size before relaxing)
 .debug_str     0x00002059      0x156 .\CortexM3\ARM_GCC_541\Debug\Project4.a(UART_BT_IntClock.o)
                                0x368 (size before relaxing)
 .debug_str     0x000021af       0xe5 .\CortexM3\ARM_GCC_541\Debug\Project4.a(isr_RX.o)
                                0x2c2 (size before relaxing)
 .debug_str     0x00002294       0xf2 .\CortexM3\ARM_GCC_541\Debug\Project4.a(isr_LED.o)
                                0x2d0 (size before relaxing)
 .debug_str     0x00002386      0x1bb .\CortexM3\ARM_GCC_541\Debug\Project4.a(CyFlash.o)
                                0x3ce (size before relaxing)
 .debug_str     0x00002541       0xac .\CortexM3\ARM_GCC_541\Debug\Project4.a(CySpc.o)
                                0x346 (size before relaxing)

.debug_loc      0x00000000     0x2c66
 *(.debug_loc)
 .debug_loc     0x00000000       0x1f .\CortexM3\ARM_GCC_541\Debug\main.o
 .debug_loc     0x0000001f      0x438 .\CortexM3\ARM_GCC_541\Debug\I2C_Interface.o
 .debug_loc     0x00000457      0x289 .\CortexM3\ARM_GCC_541\Debug\cyfitter_cfg.o
 .debug_loc     0x000006e0      0x144 .\CortexM3\ARM_GCC_541\Debug\Cm3Start.o
 .debug_loc     0x00000824      0x258 .\CortexM3\ARM_GCC_541\Debug\Project4.a(UART.o)
 .debug_loc     0x00000a7c       0x39 .\CortexM3\ARM_GCC_541\Debug\Project4.a(I2C_Master.o)
 .debug_loc     0x00000ab5       0x29 .\CortexM3\ARM_GCC_541\Debug\Project4.a(I2C_Master_INT.o)
 .debug_loc     0x00000ade       0x13 .\CortexM3\ARM_GCC_541\Debug\Project4.a(I2C_Master_PM.o)
 .debug_loc     0x00000af1      0x52f .\CortexM3\ARM_GCC_541\Debug\Project4.a(I2C_Master_MASTER.o)
 .debug_loc     0x00001020       0x42 .\CortexM3\ARM_GCC_541\Debug\Project4.a(Pin_LED.o)
 .debug_loc     0x00001062      0x128 .\CortexM3\ARM_GCC_541\Debug\Project4.a(UART_IntClock.o)
 .debug_loc     0x0000118a      0xa11 .\CortexM3\ARM_GCC_541\Debug\Project4.a(CyLib.o)
 .debug_loc     0x00001b9b      0x1e4 .\CortexM3\ARM_GCC_541\Debug\Project4.a(cyPm.o)
 .debug_loc     0x00001d7f      0x258 .\CortexM3\ARM_GCC_541\Debug\Project4.a(UART_BT.o)
 .debug_loc     0x00001fd7      0x12c .\CortexM3\ARM_GCC_541\Debug\Project4.a(UART_BT_IntClock.o)
 .debug_loc     0x00002103       0x56 .\CortexM3\ARM_GCC_541\Debug\Project4.a(isr_RX.o)
 .debug_loc     0x00002159       0x56 .\CortexM3\ARM_GCC_541\Debug\Project4.a(isr_LED.o)
 .debug_loc     0x000021af      0x3b2 .\CortexM3\ARM_GCC_541\Debug\Project4.a(CyFlash.o)
 .debug_loc     0x00002561      0x705 .\CortexM3\ARM_GCC_541\Debug\Project4.a(CySpc.o)

.debug_macinfo
 *(.debug_macinfo)

.debug_ranges   0x00000000      0x9e0
 *(.debug_ranges)
 .debug_ranges  0x00000000       0x10 .\CortexM3\ARM_GCC_541\Debug\main.o
 .debug_ranges  0x00000010       0x68 .\CortexM3\ARM_GCC_541\Debug\I2C_Interface.o
 .debug_ranges  0x00000078       0x18 .\CortexM3\ARM_GCC_541\Debug\InterruptRoutines.o
 .debug_ranges  0x00000090       0x48 .\CortexM3\ARM_GCC_541\Debug\cyfitter_cfg.o
 .debug_ranges  0x000000d8       0x38 .\CortexM3\ARM_GCC_541\Debug\Cm3Start.o
 .debug_ranges  0x00000110       0xe0 .\CortexM3\ARM_GCC_541\Debug\Project4.a(UART.o)
 .debug_ranges  0x000001f0       0x78 .\CortexM3\ARM_GCC_541\Debug\Project4.a(Timer_LED.o)
 .debug_ranges  0x00000268       0x28 .\CortexM3\ARM_GCC_541\Debug\Project4.a(I2C_Master.o)
 .debug_ranges  0x00000290       0x10 .\CortexM3\ARM_GCC_541\Debug\Project4.a(I2C_Master_INT.o)
 .debug_ranges  0x000002a0       0x28 .\CortexM3\ARM_GCC_541\Debug\Project4.a(I2C_Master_PM.o)
 .debug_ranges  0x000002c8       0x70 .\CortexM3\ARM_GCC_541\Debug\Project4.a(I2C_Master_MASTER.o)
 .debug_ranges  0x00000338       0x28 .\CortexM3\ARM_GCC_541\Debug\Project4.a(Pin_LED.o)
 .debug_ranges  0x00000360       0x60 .\CortexM3\ARM_GCC_541\Debug\Project4.a(UART_IntClock.o)
 .debug_ranges  0x000003c0      0x290 .\CortexM3\ARM_GCC_541\Debug\Project4.a(CyLib.o)
 .debug_ranges  0x00000650       0x88 .\CortexM3\ARM_GCC_541\Debug\Project4.a(cyPm.o)
 .debug_ranges  0x000006d8       0xe0 .\CortexM3\ARM_GCC_541\Debug\Project4.a(UART_BT.o)
 .debug_ranges  0x000007b8       0x60 .\CortexM3\ARM_GCC_541\Debug\Project4.a(UART_BT_IntClock.o)
 .debug_ranges  0x00000818       0x70 .\CortexM3\ARM_GCC_541\Debug\Project4.a(isr_RX.o)
 .debug_ranges  0x00000888       0x70 .\CortexM3\ARM_GCC_541\Debug\Project4.a(isr_LED.o)
 .debug_ranges  0x000008f8       0x78 .\CortexM3\ARM_GCC_541\Debug\Project4.a(CyFlash.o)
 .debug_ranges  0x00000970       0x70 .\CortexM3\ARM_GCC_541\Debug\Project4.a(CySpc.o)

.comment        0x00000000       0x6e
 .comment       0x00000000       0x6e .\CortexM3\ARM_GCC_541\Debug\main.o
                                 0x6f (size before relaxing)
 .comment       0x0000006e       0x6f .\CortexM3\ARM_GCC_541\Debug\I2C_Interface.o
 .comment       0x0000006e       0x6f .\CortexM3\ARM_GCC_541\Debug\InterruptRoutines.o
 .comment       0x0000006e       0x6f .\CortexM3\ARM_GCC_541\Debug\cyfitter_cfg.o
 .comment       0x0000006e       0x6f .\CortexM3\ARM_GCC_541\Debug\cymetadata.o
 .comment       0x0000006e       0x6f .\CortexM3\ARM_GCC_541\Debug\Cm3Start.o
 .comment       0x0000006e       0x6f .\CortexM3\ARM_GCC_541\Debug\Project4.a(UART.o)
 .comment       0x0000006e       0x6f .\CortexM3\ARM_GCC_541\Debug\Project4.a(Timer_LED.o)
 .comment       0x0000006e       0x6f .\CortexM3\ARM_GCC_541\Debug\Project4.a(I2C_Master.o)
 .comment       0x0000006e       0x6f .\CortexM3\ARM_GCC_541\Debug\Project4.a(I2C_Master_INT.o)
 .comment       0x0000006e       0x6f .\CortexM3\ARM_GCC_541\Debug\Project4.a(I2C_Master_PM.o)
 .comment       0x0000006e       0x6f .\CortexM3\ARM_GCC_541\Debug\Project4.a(I2C_Master_MASTER.o)
 .comment       0x0000006e       0x6f .\CortexM3\ARM_GCC_541\Debug\Project4.a(Pin_LED.o)
 .comment       0x0000006e       0x6f .\CortexM3\ARM_GCC_541\Debug\Project4.a(UART_IntClock.o)
 .comment       0x0000006e       0x6f .\CortexM3\ARM_GCC_541\Debug\Project4.a(CyLib.o)
 .comment       0x0000006e       0x6f .\CortexM3\ARM_GCC_541\Debug\Project4.a(cyPm.o)
 .comment       0x0000006e       0x6f .\CortexM3\ARM_GCC_541\Debug\Project4.a(UART_BT.o)
 .comment       0x0000006e       0x6f .\CortexM3\ARM_GCC_541\Debug\Project4.a(UART_BT_IntClock.o)
 .comment       0x0000006e       0x6f .\CortexM3\ARM_GCC_541\Debug\Project4.a(isr_RX.o)
 .comment       0x0000006e       0x6f .\CortexM3\ARM_GCC_541\Debug\Project4.a(isr_LED.o)
 .comment       0x0000006e       0x6f .\CortexM3\ARM_GCC_541\Debug\Project4.a(CyFlash.o)
 .comment       0x0000006e       0x6f .\CortexM3\ARM_GCC_541\Debug\Project4.a(CySpc.o)

.debug_weaknames
 *(.debug_weaknames)

.debug_funcnames
 *(.debug_funcnames)

.debug_typenames
 *(.debug_typenames)

.debug_varnames
 *(.debug_varnames)

.note.gnu.arm.ident
 *(.note.gnu.arm.ident)

.ARM.attributes
                0x00000000       0x29
 *(.ARM.attributes)
 .ARM.attributes
                0x00000000       0x1d c:/program files (x86)/cypress/psoc creator/4.4/psoc creator/import/gnu/arm/5.4.1/bin/../lib/gcc/arm-none-eabi/5.4.1/armv7-m/crti.o
 .ARM.attributes
                0x0000001d       0x2d c:/program files (x86)/cypress/psoc creator/4.4/psoc creator/import/gnu/arm/5.4.1/bin/../lib/gcc/arm-none-eabi/5.4.1/armv7-m/crtbegin.o
 .ARM.attributes
                0x0000004a       0x1b c:/program files (x86)/cypress/psoc creator/4.4/psoc creator/import/gnu/arm/5.4.1/bin/../lib/gcc/arm-none-eabi/5.4.1/../../../../arm-none-eabi/lib/armv7-m/crt0.o
 .ARM.attributes
                0x00000065       0x33 .\CortexM3\ARM_GCC_541\Debug\main.o
 .ARM.attributes
                0x00000098       0x33 .\CortexM3\ARM_GCC_541\Debug\I2C_Interface.o
 .ARM.attributes
                0x000000cb       0x33 .\CortexM3\ARM_GCC_541\Debug\InterruptRoutines.o
 .ARM.attributes
                0x000000fe       0x33 .\CortexM3\ARM_GCC_541\Debug\cyfitter_cfg.o
 .ARM.attributes
                0x00000131       0x33 .\CortexM3\ARM_GCC_541\Debug\cymetadata.o
 .ARM.attributes
                0x00000164       0x33 .\CortexM3\ARM_GCC_541\Debug\Cm3Start.o
 .ARM.attributes
                0x00000197       0x33 .\CortexM3\ARM_GCC_541\Debug\Project4.a(UART.o)
 .ARM.attributes
                0x000001ca       0x33 .\CortexM3\ARM_GCC_541\Debug\Project4.a(Timer_LED.o)
 .ARM.attributes
                0x000001fd       0x33 .\CortexM3\ARM_GCC_541\Debug\Project4.a(I2C_Master.o)
 .ARM.attributes
                0x00000230       0x33 .\CortexM3\ARM_GCC_541\Debug\Project4.a(I2C_Master_INT.o)
 .ARM.attributes
                0x00000263       0x33 .\CortexM3\ARM_GCC_541\Debug\Project4.a(I2C_Master_PM.o)
 .ARM.attributes
                0x00000296       0x33 .\CortexM3\ARM_GCC_541\Debug\Project4.a(I2C_Master_MASTER.o)
 .ARM.attributes
                0x000002c9       0x33 .\CortexM3\ARM_GCC_541\Debug\Project4.a(Pin_LED.o)
 .ARM.attributes
                0x000002fc       0x33 .\CortexM3\ARM_GCC_541\Debug\Project4.a(UART_IntClock.o)
 .ARM.attributes
                0x0000032f       0x33 .\CortexM3\ARM_GCC_541\Debug\Project4.a(CyLib.o)
 .ARM.attributes
                0x00000362       0x33 .\CortexM3\ARM_GCC_541\Debug\Project4.a(cyPm.o)
 .ARM.attributes
                0x00000395       0x33 .\CortexM3\ARM_GCC_541\Debug\Project4.a(UART_BT.o)
 .ARM.attributes
                0x000003c8       0x33 .\CortexM3\ARM_GCC_541\Debug\Project4.a(UART_BT_IntClock.o)
 .ARM.attributes
                0x000003fb       0x33 .\CortexM3\ARM_GCC_541\Debug\Project4.a(isr_RX.o)
 .ARM.attributes
                0x0000042e       0x33 .\CortexM3\ARM_GCC_541\Debug\Project4.a(isr_LED.o)
 .ARM.attributes
                0x00000461       0x21 .\CortexM3\ARM_GCC_541\Debug\Project4.a(CyBootAsmGnu.o)
 .ARM.attributes
                0x00000482       0x33 .\CortexM3\ARM_GCC_541\Debug\Project4.a(CyFlash.o)
 .ARM.attributes
                0x000004b5       0x33 .\CortexM3\ARM_GCC_541\Debug\Project4.a(CySpc.o)
 .ARM.attributes
                0x000004e8       0x2d c:/program files (x86)/cypress/psoc creator/4.4/psoc creator/import/gnu/arm/5.4.1/bin/../lib/gcc/arm-none-eabi/5.4.1/../../../../arm-none-eabi/lib/armv7-m\libg_nano.a(lib_a-errno.o)
 .ARM.attributes
                0x00000515       0x2d c:/program files (x86)/cypress/psoc creator/4.4/psoc creator/import/gnu/arm/5.4.1/bin/../lib/gcc/arm-none-eabi/5.4.1/../../../../arm-none-eabi/lib/armv7-m\libg_nano.a(lib_a-exit.o)
 .ARM.attributes
                0x00000542       0x2d c:/program files (x86)/cypress/psoc creator/4.4/psoc creator/import/gnu/arm/5.4.1/bin/../lib/gcc/arm-none-eabi/5.4.1/../../../../arm-none-eabi/lib/armv7-m\libg_nano.a(lib_a-impure.o)
 .ARM.attributes
                0x0000056f       0x2d c:/program files (x86)/cypress/psoc creator/4.4/psoc creator/import/gnu/arm/5.4.1/bin/../lib/gcc/arm-none-eabi/5.4.1/../../../../arm-none-eabi/lib/armv7-m\libg_nano.a(lib_a-init.o)
 .ARM.attributes
                0x0000059c       0x2d c:/program files (x86)/cypress/psoc creator/4.4/psoc creator/import/gnu/arm/5.4.1/bin/../lib/gcc/arm-none-eabi/5.4.1/../../../../arm-none-eabi/lib/armv7-m\libg_nano.a(lib_a-memcpy-stub.o)
 .ARM.attributes
                0x000005c9       0x2d c:/program files (x86)/cypress/psoc creator/4.4/psoc creator/import/gnu/arm/5.4.1/bin/../lib/gcc/arm-none-eabi/5.4.1/../../../../arm-none-eabi/lib/armv7-m\libg_nano.a(lib_a-memset.o)
 .ARM.attributes
                0x000005f6       0x2d c:/program files (x86)/cypress/psoc creator/4.4/psoc creator/import/gnu/arm/5.4.1/bin/../lib/gcc/arm-none-eabi/5.4.1/../../../../arm-none-eabi/lib/armv7-m\libg_nano.a(lib_a-sprintf.o)
 .ARM.attributes
                0x00000623       0x2d c:/program files (x86)/cypress/psoc creator/4.4/psoc creator/import/gnu/arm/5.4.1/bin/../lib/gcc/arm-none-eabi/5.4.1/../../../../arm-none-eabi/lib/armv7-m\libg_nano.a(lib_a-nano-svfprintf.o)
 .ARM.attributes
                0x00000650       0x2d c:/program files (x86)/cypress/psoc creator/4.4/psoc creator/import/gnu/arm/5.4.1/bin/../lib/gcc/arm-none-eabi/5.4.1/../../../../arm-none-eabi/lib/armv7-m\libg_nano.a(lib_a-nano-vfprintf_i.o)
 .ARM.attributes
                0x0000067d       0x2d c:/program files (x86)/cypress/psoc creator/4.4/psoc creator/import/gnu/arm/5.4.1/bin/../lib/gcc/arm-none-eabi/5.4.1/../../../../arm-none-eabi/lib/armv7-m\libg_nano.a(lib_a-memchr-stub.o)
 .ARM.attributes
                0x000006aa       0x2d c:/program files (x86)/cypress/psoc creator/4.4/psoc creator/import/gnu/arm/5.4.1/bin/../lib/gcc/arm-none-eabi/5.4.1/../../../../arm-none-eabi/lib/armv7-m\libg_nano.a(lib_a-memmove.o)
 .ARM.attributes
                0x000006d7       0x2d c:/program files (x86)/cypress/psoc creator/4.4/psoc creator/import/gnu/arm/5.4.1/bin/../lib/gcc/arm-none-eabi/5.4.1/../../../../arm-none-eabi/lib/armv7-m\libg_nano.a(lib_a-nano-freer.o)
 .ARM.attributes
                0x00000704       0x2d c:/program files (x86)/cypress/psoc creator/4.4/psoc creator/import/gnu/arm/5.4.1/bin/../lib/gcc/arm-none-eabi/5.4.1/../../../../arm-none-eabi/lib/armv7-m\libg_nano.a(lib_a-nano-mallocr.o)
 .ARM.attributes
                0x00000731       0x2d c:/program files (x86)/cypress/psoc creator/4.4/psoc creator/import/gnu/arm/5.4.1/bin/../lib/gcc/arm-none-eabi/5.4.1/../../../../arm-none-eabi/lib/armv7-m\libg_nano.a(lib_a-nano-reallocr.o)
 .ARM.attributes
                0x0000075e       0x2d c:/program files (x86)/cypress/psoc creator/4.4/psoc creator/import/gnu/arm/5.4.1/bin/../lib/gcc/arm-none-eabi/5.4.1/../../../../arm-none-eabi/lib/armv7-m\libg_nano.a(lib_a-sbrkr.o)
 .ARM.attributes
                0x0000078b       0x2d c:/program files (x86)/cypress/psoc creator/4.4/psoc creator/import/gnu/arm/5.4.1/bin/../lib/gcc/arm-none-eabi/5.4.1/../../../../arm-none-eabi/lib/armv7-m\libg_nano.a(lib_a-mlock.o)
 .ARM.attributes
                0x000007b8       0x2d c:/program files (x86)/cypress/psoc creator/4.4/psoc creator/import/gnu/arm/5.4.1/bin/../lib/gcc/arm-none-eabi/5.4.1/../../../../arm-none-eabi/lib/armv7-m\libg_nano.a(lib_a-nano-msizer.o)
 .ARM.attributes
                0x000007e5       0x2d c:/program files (x86)/cypress/psoc creator/4.4/psoc creator/import/gnu/arm/5.4.1/bin/../lib/gcc/arm-none-eabi/5.4.1/../../../../arm-none-eabi/lib/armv7-m\libg_nano.a(lib_a-reent.o)
 .ARM.attributes
                0x00000812       0x2d c:/program files (x86)/cypress/psoc creator/4.4/psoc creator/import/gnu/arm/5.4.1/bin/../lib/gcc/arm-none-eabi/5.4.1/armv7-m/crtend.o
 .ARM.attributes
                0x0000083f       0x1d c:/program files (x86)/cypress/psoc creator/4.4/psoc creator/import/gnu/arm/5.4.1/bin/../lib/gcc/arm-none-eabi/5.4.1/armv7-m/crtn.o

/DISCARD/
 *(.note.GNU-stack)
OUTPUT(C:\Users\umber\Downloads\AY2122_II_Project-4\PSoC Code\AY2122_II\Project4.cydsn\CortexM3\ARM_GCC_541\Debug\Project4.elf elf32-littlearm)
