Archive member included to satisfy reference by file (symbol)

.\CortexM3\ARM_GCC_541\Debug\Project4.a(UART.o)
                              .\CortexM3\ARM_GCC_541\Debug\main.o (UART_Start)
.\CortexM3\ARM_GCC_541\Debug\Project4.a(I2C_Master.o)
                              .\CortexM3\ARM_GCC_541\Debug\I2C_Interface.o (I2C_Master_Start)
.\CortexM3\ARM_GCC_541\Debug\Project4.a(I2C_Master_INT.o)
                              .\CortexM3\ARM_GCC_541\Debug\Project4.a(I2C_Master.o) (I2C_Master_ISR)
.\CortexM3\ARM_GCC_541\Debug\Project4.a(I2C_Master_PM.o)
                              .\CortexM3\ARM_GCC_541\Debug\Project4.a(I2C_Master.o) (I2C_Master_backup)
.\CortexM3\ARM_GCC_541\Debug\Project4.a(I2C_Master_MASTER.o)
                              .\CortexM3\ARM_GCC_541\Debug\Project4.a(I2C_Master.o) (I2C_Master_mstrStatus)
.\CortexM3\ARM_GCC_541\Debug\Project4.a(UART_IntClock.o)
                              .\CortexM3\ARM_GCC_541\Debug\Project4.a(UART.o) (UART_IntClock_Start)
.\CortexM3\ARM_GCC_541\Debug\Project4.a(CyLib.o)
                              .\CortexM3\ARM_GCC_541\Debug\Cm3Start.o (CyHalt)
.\CortexM3\ARM_GCC_541\Debug\Project4.a(cyPm.o)
                              .\CortexM3\ARM_GCC_541\Debug\Project4.a(CyLib.o) (CyPmReadStatus)
.\CortexM3\ARM_GCC_541\Debug\Project4.a(UART_BT.o)
                              .\CortexM3\ARM_GCC_541\Debug\main.o (UART_BT_Start)
.\CortexM3\ARM_GCC_541\Debug\Project4.a(UART_BT_IntClock.o)
                              .\CortexM3\ARM_GCC_541\Debug\Project4.a(UART_BT.o) (UART_BT_IntClock_Start)
.\CortexM3\ARM_GCC_541\Debug\Project4.a(EEPROM.o)
                              .\CortexM3\ARM_GCC_541\Debug\EEPROM_Custom.o (EEPROM_Start)
.\CortexM3\ARM_GCC_541\Debug\Project4.a(CyBootAsmGnu.o)
                              .\CortexM3\ARM_GCC_541\Debug\cyfitter_cfg.o (CyDelayCycles)
.\CortexM3\ARM_GCC_541\Debug\Project4.a(CyFlash.o)
                              .\CortexM3\ARM_GCC_541\Debug\Project4.a(EEPROM.o) (dieTemperature)
.\CortexM3\ARM_GCC_541\Debug\Project4.a(CySpc.o)
                              .\CortexM3\ARM_GCC_541\Debug\Project4.a(EEPROM.o) (CySpcStart)
c:/program files (x86)/cypress/psoc creator/4.4/psoc creator/import/gnu/arm/5.4.1/bin/../lib/gcc/arm-none-eabi/5.4.1/../../../../arm-none-eabi/lib/armv7-m\libg_nano.a(lib_a-errno.o)
                              .\CortexM3\ARM_GCC_541\Debug\Cm3Start.o (__errno)
c:/program files (x86)/cypress/psoc creator/4.4/psoc creator/import/gnu/arm/5.4.1/bin/../lib/gcc/arm-none-eabi/5.4.1/../../../../arm-none-eabi/lib/armv7-m\libg_nano.a(lib_a-exit.o)
                              c:/program files (x86)/cypress/psoc creator/4.4/psoc creator/import/gnu/arm/5.4.1/bin/../lib/gcc/arm-none-eabi/5.4.1/../../../../arm-none-eabi/lib/armv7-m/crt0.o (exit)
c:/program files (x86)/cypress/psoc creator/4.4/psoc creator/import/gnu/arm/5.4.1/bin/../lib/gcc/arm-none-eabi/5.4.1/../../../../arm-none-eabi/lib/armv7-m\libg_nano.a(lib_a-impure.o)
                              c:/program files (x86)/cypress/psoc creator/4.4/psoc creator/import/gnu/arm/5.4.1/bin/../lib/gcc/arm-none-eabi/5.4.1/../../../../arm-none-eabi/lib/armv7-m\libg_nano.a(lib_a-exit.o) (_global_impure_ptr)
c:/program files (x86)/cypress/psoc creator/4.4/psoc creator/import/gnu/arm/5.4.1/bin/../lib/gcc/arm-none-eabi/5.4.1/../../../../arm-none-eabi/lib/armv7-m\libg_nano.a(lib_a-init.o)
                              c:/program files (x86)/cypress/psoc creator/4.4/psoc creator/import/gnu/arm/5.4.1/bin/../lib/gcc/arm-none-eabi/5.4.1/../../../../arm-none-eabi/lib/armv7-m/crt0.o (__libc_init_array)
c:/program files (x86)/cypress/psoc creator/4.4/psoc creator/import/gnu/arm/5.4.1/bin/../lib/gcc/arm-none-eabi/5.4.1/../../../../arm-none-eabi/lib/armv7-m\libg_nano.a(lib_a-memcpy-stub.o)
                              .\CortexM3\ARM_GCC_541\Debug\cyfitter_cfg.o (memcpy)
c:/program files (x86)/cypress/psoc creator/4.4/psoc creator/import/gnu/arm/5.4.1/bin/../lib/gcc/arm-none-eabi/5.4.1/../../../../arm-none-eabi/lib/armv7-m\libg_nano.a(lib_a-memset.o)
                              c:/program files (x86)/cypress/psoc creator/4.4/psoc creator/import/gnu/arm/5.4.1/bin/../lib/gcc/arm-none-eabi/5.4.1/../../../../arm-none-eabi/lib/armv7-m/crt0.o (memset)
c:/program files (x86)/cypress/psoc creator/4.4/psoc creator/import/gnu/arm/5.4.1/bin/../lib/gcc/arm-none-eabi/5.4.1/../../../../arm-none-eabi/lib/armv7-m\libg_nano.a(lib_a-sprintf.o)
                              .\CortexM3\ARM_GCC_541\Debug\main.o (sprintf)
c:/program files (x86)/cypress/psoc creator/4.4/psoc creator/import/gnu/arm/5.4.1/bin/../lib/gcc/arm-none-eabi/5.4.1/../../../../arm-none-eabi/lib/armv7-m\libg_nano.a(lib_a-nano-svfprintf.o)
                              c:/program files (x86)/cypress/psoc creator/4.4/psoc creator/import/gnu/arm/5.4.1/bin/../lib/gcc/arm-none-eabi/5.4.1/../../../../arm-none-eabi/lib/armv7-m\libg_nano.a(lib_a-sprintf.o) (_svfprintf_r)
[...]
Memory Configuration

Name             Origin             Length             Attributes
rom              0x00000000         0x00040000         xr
ram              0x1fff8000         0x00010000         xrw
*default*        0x00000000         0xffffffff

Linker script and memory map

LOAD c:/program files (x86)/cypress/psoc creator/4.4/psoc creator/import/gnu/arm/5.4.1/bin/../lib/gcc/arm-none-eabi/5.4.1/armv7-m/crti.o
LOAD c:/program files (x86)/cypress/psoc creator/4.4/psoc creator/import/gnu/arm/5.4.1/bin/../lib/gcc/arm-none-eabi/5.4.1/armv7-m/crtbegin.o
LOAD c:/program files (x86)/cypress/psoc creator/4.4/psoc creator/import/gnu/arm/5.4.1/bin/../lib/gcc/arm-none-eabi/5.4.1/../../../../arm-none-eabi/lib/armv7-m/crt0.o
START GROUP
LOAD .\CortexM3\ARM_GCC_541\Debug\main.o
LOAD .\CortexM3\ARM_GCC_541\Debug\I2C_Interface.o
LOAD .\CortexM3\ARM_GCC_541\Debug\EEPROM_Custom.o
LOAD .\CortexM3\ARM_GCC_541\Debug\cyfitter_cfg.o
LOAD .\CortexM3\ARM_GCC_541\Debug\cymetadata.o
LOAD .\CortexM3\ARM_GCC_541\Debug\Cm3Start.o
LOAD .\CortexM3\ARM_GCC_541\Debug\Project4.a
LOAD C:\Program Files (x86)\Cypress\PSoC Creator\4.4\PSoC Creator\psoc\content\cycomponentlibrary\CyComponentLibrary.cylib\CortexM3\ARM_GCC_541\Debug\CyComponentLibrary.a
END GROUP
START GROUP
LOAD c:/program files (x86)/cypress/psoc creator/4.4/psoc creator/import/gnu/arm/5.4.1/bin/../lib/gcc/arm-none-eabi/5.4.1/armv7-m\libgcc.a
LOAD c:/program files (x86)/cypress/psoc creator/4.4/psoc creator/import/gnu/arm/5.4.1/bin/../lib/gcc/arm-none-eabi/5.4.1/../../../../arm-none-eabi/lib/armv7-m\libg_nano.a
LOAD c:/program files (x86)/cypress/psoc creator/4.4/psoc creator/import/gnu/arm/5.4.1/bin/../lib/gcc/arm-none-eabi/5.4.1/../../../../arm-none-eabi/lib/armv7-m\libc_nano.a
END GROUP
START GROUP
LOAD c:/program files (x86)/cypress/psoc creator/4.4/psoc creator/import/gnu/arm/5.4.1/bin/../lib/gcc/arm-none-eabi/5.4.1/armv7-m\libgcc.a
LOAD c:/program files (x86)/cypress/psoc creator/4.4/psoc creator/import/gnu/arm/5.4.1/bin/../lib/gcc/arm-none-eabi/5.4.1/../../../../arm-none-eabi/lib/armv7-m\libc_nano.a
END GROUP
LOAD c:/program files (x86)/cypress/psoc creator/4.4/psoc creator/import/gnu/arm/5.4.1/bin/../lib/gcc/arm-none-eabi/5.4.1/armv7-m/crtend.o
LOAD c:/program files (x86)/cypress/psoc creator/4.4/psoc creator/import/gnu/arm/5.4.1/bin/../lib/gcc/arm-none-eabi/5.4.1/armv7-m/crtn.o
START GROUP
LOAD c:/program files (x86)/cypress/psoc creator/4.4/psoc creator/import/gnu/arm/5.4.1/bin/../lib/gcc/arm-none-eabi/5.4.1/armv7-m\libgcc.a
LOAD c:/program files (x86)/cypress/psoc creator/4.4/psoc creator/import/gnu/arm/5.4.1/bin/../lib/gcc/arm-none-eabi/5.4.1/../../../../arm-none-eabi/lib/armv7-m\libc.a
LOAD c:/program files (x86)/cypress/psoc creator/4.4/psoc creator/import/gnu/arm/5.4.1/bin/../lib/gcc/arm-none-eabi/5.4.1/../../../../arm-none-eabi/lib/armv7-m\libnosys.a
END GROUP
                0x00000000                CY_APPL_ORIGIN = 0x0
                0x00000100                CY_FLASH_ROW_SIZE = 0x100
                0x00000020                CY_ECC_ROW_SIZE = 0x20
                0x00000000                CY_EE_IN_BTLDR = 0x0
                0x00000000                CY_APPL_LOADABLE = 0x0
                0x00000800                CY_EE_SIZE = 0x800
                0x00000001                CY_APPL_NUM = 0x1
                0x00000001                CY_APPL_MAX = 0x1
                0x00000040                CY_METADATA_SIZE = 0x40
                0x00000000                CY_APPL_LOADABLE = 0x0
                0x00000000                CY_CHECKSUM_EXCLUDE_SIZE = ALIGN (0x0, CY_FLASH_ROW_SIZE)
                [!provide]                PROVIDE (__cy_heap_start, _end)
                0x00000001                PROVIDE (__cy_region_num, ((__cy_regions_end - __cy_regions) / 0x10))
                0x20008000                PROVIDE (__cy_stack, (ORIGIN (ram) + LENGTH (ram)))
                [!provide]                PROVIDE (__cy_heap_end, (__cy_stack - 0x800))

.cybootloader   0x00000000        0x0
 *(.cybootloader)
                0x00000000                appl1_start = CY_APPL_ORIGIN?CY_APPL_ORIGIN:ALIGN (CY_FLASH_ROW_SIZE)
                0x0001ff00                appl2_start = (appl1_start + ALIGN ((((LENGTH (rom) - appl1_start) - (0x2 * CY_FLASH_ROW_SIZE)) / 0x2), CY_FLASH_ROW_SIZE))
                0x00000000                appl_start = (CY_APPL_NUM == 0x1)?appl1_start:appl2_start
                0x00000000                ecc_offset = ((appl_start / CY_FLASH_ROW_SIZE) * CY_ECC_ROW_SIZE)
                0x00000000                ee_offset = (CY_APPL_LOADABLE && ! (CY_EE_IN_BTLDR))?((CY_EE_SIZE / CY_APPL_MAX) * (CY_APPL_NUM - 0x1)):0x0
                0x00000800                ee_size = (CY_APPL_LOADABLE && ! (CY_EE_IN_BTLDR))?(CY_EE_SIZE / CY_APPL_MAX):CY_EE_SIZE
                [!provide]                PROVIDE (CY_ECC_OFFSET, ecc_offset)

.text           0x00000000     0x1c50
 CREATE_OBJECT_SYMBOLS
                0x00000000                PROVIDE (__cy_interrupt_vector, RomVectors)
 *(.romvectors)
 .romvectors    0x00000000       0x10 .\CortexM3\ARM_GCC_541\Debug\Cm3Start.o
                0x00000000                RomVectors
                0x00000001                ASSERT ((. != __cy_interrupt_vector), No interrupt vector)
                0x00000001                ASSERT (CY_APPL_ORIGIN?(SIZEOF (.cybootloader) <= CY_APPL_ORIGIN):0x1, Wrong image location)
                0x00000010                PROVIDE (__cy_reset, Reset)
 *(.text.Reset)
 .text.Reset    0x00000010       0x18 .\CortexM3\ARM_GCC_541\Debug\Cm3Start.o
                0x00000010                Reset
                0x00000001                ASSERT ((. != __cy_reset), No reset code)
 *(.dma_init)
                0x00000001                ASSERT ((((appl_start + .) <= 0x10000) || 0x1), DMA Init must be within the first 64k of flash)
 *(.text .text.* .gnu.linkonce.t.*)
 .text          0x00000028       0x5c c:/program files (x86)/cypress/psoc creator/4.4/psoc creator/import/gnu/arm/5.4.1/bin/../lib/gcc/arm-none-eabi/5.4.1/armv7-m/crtbegin.o
 .text.main     0x00000084      0x278 .\CortexM3\ARM_GCC_541\Debug\main.o
                0x00000084                main
 .text.I2C_Peripheral_Start
                0x000002fc        0xc .\CortexM3\ARM_GCC_541\Debug\I2C_Interface.o
                0x000002fc                I2C_Peripheral_Start
 .text.I2C_Peripheral_ReadRegister
                0x00000308       0x3c .\CortexM3\ARM_GCC_541\Debug\I2C_Interface.o
                0x00000308                I2C_Peripheral_ReadRegister
 .text.I2C_Peripheral_ReadRegisterMulti
                0x00000344       0x64 .\CortexM3\ARM_GCC_541\Debug\I2C_Interface.o
                0x00000344                I2C_Peripheral_ReadRegisterMulti
 .text.I2C_Peripheral_WriteRegister
                0x000003a8       0x30 .\CortexM3\ARM_GCC_541\Debug\I2C_Interface.o
                0x000003a8                I2C_Peripheral_WriteRegister
 .text.setReg   0x000003d8       0x5c .\CortexM3\ARM_GCC_541\Debug\I2C_Interface.o
                0x000003d8                setReg
 .text.readReg  0x00000434       0x4c .\CortexM3\ARM_GCC_541\Debug\I2C_Interface.o
                0x00000434                readReg
 .text.printHeader
                0x00000480      0x114 .\CortexM3\ARM_GCC_541\Debug\I2C_Interface.o
                0x00000480                printHeader
 .text.EEPROM_Custom_Start
                0x00000594        0xc .\CortexM3\ARM_GCC_541\Debug\EEPROM_Custom.o
                0x00000594                EEPROM_Custom_Start
 .text.EEPROM_retrieve_FS
                0x000005a0        0xc .\CortexM3\ARM_GCC_541\Debug\EEPROM_Custom.o
                0x000005a0                EEPROM_retrieve_FS
 .text.EEPROM_retrieve_So_lsb
                0x000005ac        0xc .\CortexM3\ARM_GCC_541\Debug\EEPROM_Custom.o
                0x000005ac                EEPROM_retrieve_So_lsb
 .text.EEPROM_retrieve_So_msb
                0x000005b8        0xc .\CortexM3\ARM_GCC_541\Debug\EEPROM_Custom.o
                0x000005b8                EEPROM_retrieve_So_msb
 .text.CyClockStartupError
                0x000005c4        0x4 .\CortexM3\ARM_GCC_541\Debug\cyfitter_cfg.o
 .text.cfg_write_bytes32
                0x000005c8       0x34 .\CortexM3\ARM_GCC_541\Debug\cyfitter_cfg.o
 .text.AnalogSetDefault
                0x000005fc       0x28 .\CortexM3\ARM_GCC_541\Debug\cyfitter_cfg.o
 .text.CYMEMZERO
                0x00000624        0xc .\CortexM3\ARM_GCC_541\Debug\cyfitter_cfg.o
 .text.ClockSetup
                0x00000630       0xd4 .\CortexM3\ARM_GCC_541\Debug\cyfitter_cfg.o
 .text.CYCONFIGCPY
                0x00000704        0x8 .\CortexM3\ARM_GCC_541\Debug\cyfitter_cfg.o
 .text.cyfitter_cfg
                0x0000070c      0x110 .\CortexM3\ARM_GCC_541\Debug\cyfitter_cfg.o
                0x0000070c                cyfitter_cfg
 .text.IntDefaultHandler
                0x0000081c       0x10 .\CortexM3\ARM_GCC_541\Debug\Cm3Start.o
                0x0000081c                IntDefaultHandler
 .text._sbrk    0x0000082c       0x30 .\CortexM3\ARM_GCC_541\Debug\Cm3Start.o
                0x0000082c                _sbrk
 .text.Start_c  0x0000085c       0x4c .\CortexM3\ARM_GCC_541\Debug\Cm3Start.o
                0x0000085c                Start_c
 .text.initialize_psoc
                0x000008a8       0x68 .\CortexM3\ARM_GCC_541\Debug\Cm3Start.o
                0x000008a8                initialize_psoc
 .text.UART_Init
                0x00000910       0x28 .\CortexM3\ARM_GCC_541\Debug\Project4.a(UART.o)
                0x00000910                UART_Init
 .text.UART_Enable
                0x00000938       0x38 .\CortexM3\ARM_GCC_541\Debug\Project4.a(UART.o)
                0x00000938                UART_Enable
 .text.UART_Start
                0x00000970       0x1c .\CortexM3\ARM_GCC_541\Debug\Project4.a(UART.o)
                0x00000970                UART_Start
 .text.UART_PutChar
                0x0000098c       0x18 .\CortexM3\ARM_GCC_541\Debug\Project4.a(UART.o)
                0x0000098c                UART_PutChar
 .text.UART_PutString
                0x000009a4       0x24 .\CortexM3\ARM_GCC_541\Debug\Project4.a(UART.o)
                0x000009a4                UART_PutString
 .text.I2C_Master_Init
                0x000009c8       0x68 .\CortexM3\ARM_GCC_541\Debug\Project4.a(I2C_Master.o)
                0x000009c8                I2C_Master_Init
 .text.I2C_Master_Enable
                0x00000a30       0x24 .\CortexM3\ARM_GCC_541\Debug\Project4.a(I2C_Master.o)
                0x00000a30                I2C_Master_Enable
 .text.I2C_Master_Start
                0x00000a54       0x28 .\CortexM3\ARM_GCC_541\Debug\Project4.a(I2C_Master.o)
                0x00000a54                I2C_Master_Start
 .text.I2C_Master_ISR
                0x00000a7c      0x2d0 .\CortexM3\ARM_GCC_541\Debug\Project4.a(I2C_Master_INT.o)
                0x00000a7c                I2C_Master_ISR
 .text.I2C_Master_MasterSendStart
                0x00000d4c       0x80 .\CortexM3\ARM_GCC_541\Debug\Project4.a(I2C_Master_MASTER.o)
                0x00000d4c                I2C_Master_MasterSendStart
 .text.I2C_Master_MasterSendRestart
                0x00000dcc       0x6c .\CortexM3\ARM_GCC_541\Debug\Project4.a(I2C_Master_MASTER.o)
                0x00000dcc                I2C_Master_MasterSendRestart
 .text.I2C_Master_MasterSendStop
                0x00000e38       0x38 .\CortexM3\ARM_GCC_541\Debug\Project4.a(I2C_Master_MASTER.o)
                0x00000e38                I2C_Master_MasterSendStop
 .text.I2C_Master_MasterWriteByte
                0x00000e70       0x58 .\CortexM3\ARM_GCC_541\Debug\Project4.a(I2C_Master_MASTER.o)
                0x00000e70                I2C_Master_MasterWriteByte
 .text.I2C_Master_MasterReadByte
                0x00000ec8       0x58 .\CortexM3\ARM_GCC_541\Debug\Project4.a(I2C_Master_MASTER.o)
                0x00000ec8                I2C_Master_MasterReadByte
 .text.UART_IntClock_Start
                0x00000f20       0x1c .\CortexM3\ARM_GCC_541\Debug\Project4.a(UART_IntClock.o)
                0x00000f20                UART_IntClock_Start
 .text.CyHalt   0x00000f3c        0x4 .\CortexM3\ARM_GCC_541\Debug\Project4.a(CyLib.o)
                0x00000f3c                CyHalt
 .text.CyDelay  0x00000f40       0x2c .\CortexM3\ARM_GCC_541\Debug\Project4.a(CyLib.o)
                0x00000f40                CyDelay
 .text.CyDelayUs
                0x00000f6c       0x14 .\CortexM3\ARM_GCC_541\Debug\Project4.a(CyLib.o)
                0x00000f6c                CyDelayUs
 .text.CyIntSetVector
                0x00000f80       0x28 .\CortexM3\ARM_GCC_541\Debug\Project4.a(CyLib.o)
                0x00000f80                CyIntSetVector
 .text.CyIntSetPriority
                0x00000fa8       0x30 .\CortexM3\ARM_GCC_541\Debug\Project4.a(CyLib.o)
                0x00000fa8                CyIntSetPriority
 .text.UART_BT_Init
                0x00000fd8       0x24 .\CortexM3\ARM_GCC_541\Debug\Project4.a(UART_BT.o)
                0x00000fd8                UART_BT_Init
 .text.UART_BT_Enable
                0x00000ffc       0x38 .\CortexM3\ARM_GCC_541\Debug\Project4.a(UART_BT.o)
                0x00000ffc                UART_BT_Enable
 .text.UART_BT_Start
                0x00001034       0x1c .\CortexM3\ARM_GCC_541\Debug\Project4.a(UART_BT.o)
                0x00001034                UART_BT_Start
 .text.UART_BT_PutChar
                0x00001050       0x18 .\CortexM3\ARM_GCC_541\Debug\Project4.a(UART_BT.o)
                0x00001050                UART_BT_PutChar
 .text.UART_BT_PutString
                0x00001068       0x24 .\CortexM3\ARM_GCC_541\Debug\Project4.a(UART_BT.o)
                0x00001068                UART_BT_PutString
 .text.UART_BT_IntClock_Start
                0x0000108c       0x1c .\CortexM3\ARM_GCC_541\Debug\Project4.a(UART_BT_IntClock.o)
                0x0000108c                UART_BT_IntClock_Start
 .text.EEPROM_Enable
                0x000010a8        0xc .\CortexM3\ARM_GCC_541\Debug\Project4.a(EEPROM.o)
                0x000010a8                EEPROM_Enable
 .text.EEPROM_Start
                0x000010b4        0x8 .\CortexM3\ARM_GCC_541\Debug\Project4.a(EEPROM.o)
                0x000010b4                EEPROM_Start
 .text.EEPROM_ReadByte
                0x000010bc       0x28 .\CortexM3\ARM_GCC_541\Debug\Project4.a(EEPROM.o)
                0x000010bc                EEPROM_ReadByte
 *fill*         0x000010e4        0x4 
 .text          0x000010e8       0x20 .\CortexM3\ARM_GCC_541\Debug\Project4.a(CyBootAsmGnu.o)
                0x000010e8                CyDelayCycles
                0x000010f8                CyEnterCriticalSection
                0x00001100                CyExitCriticalSection
 .text.CySetTempInt
                0x00001108       0x60 .\CortexM3\ARM_GCC_541\Debug\Project4.a(CyFlash.o)
 .text.CyFlashGetSpcAlgorithm
                0x00001168       0x4c .\CortexM3\ARM_GCC_541\Debug\Project4.a(CyFlash.o)
                0x00001168                CyFlashGetSpcAlgorithm
 .text.CySetTemp
                0x000011b4       0x14 .\CortexM3\ARM_GCC_541\Debug\Project4.a(CyFlash.o)
                0x000011b4                CySetTemp
 .text.CyEEPROM_Start
                0x000011c8       0x54 .\CortexM3\ARM_GCC_541\Debug\Project4.a(CyFlash.o)
                0x000011c8                CyEEPROM_Start
 .text.CyEEPROM_ReadReserve
                0x0000121c       0x1c .\CortexM3\ARM_GCC_541\Debug\Project4.a(CyFlash.o)
                0x0000121c                CyEEPROM_ReadReserve
 .text.CyEEPROM_ReadRelease
                0x00001238       0x10 .\CortexM3\ARM_GCC_541\Debug\Project4.a(CyFlash.o)
                0x00001238                CyEEPROM_ReadRelease
 .text.CySpcStart
                0x00001248       0x24 .\CortexM3\ARM_GCC_541\Debug\Project4.a(CySpc.o)
                0x00001248                CySpcStart
 .text.CySpcReadData
                0x0000126c       0x34 .\CortexM3\ARM_GCC_541\Debug\Project4.a(CySpc.o)
                0x0000126c                CySpcReadData
 .text.CySpcGetTemp
                0x000012a0       0x3c .\CortexM3\ARM_GCC_541\Debug\Project4.a(CySpc.o)
                0x000012a0                CySpcGetTemp
 .text.CySpcLock
                0x000012dc       0x4c .\CortexM3\ARM_GCC_541\Debug\Project4.a(CySpc.o)
                0x000012dc                CySpcLock
 .text.CySpcUnlock
                0x00001328       0x38 .\CortexM3\ARM_GCC_541\Debug\Project4.a(CySpc.o)
                0x00001328                CySpcUnlock
 .text.CySpcGetAlgorithm
                0x00001360       0x28 .\CortexM3\ARM_GCC_541\Debug\Project4.a(CySpc.o)
                0x00001360                CySpcGetAlgorithm
 .text.__errno  0x00001388        0xc c:/program files (x86)/cypress/psoc creator/4.4/psoc creator/import/gnu/arm/5.4.1/bin/../lib/gcc/arm-none-eabi/5.4.1/../../../../arm-none-eabi/lib/armv7-m\libg_nano.a(lib_a-errno.o)
                0x00001388                __errno
 .text.__libc_init_array
                0x00001394       0x4c c:/program files (x86)/cypress/psoc creator/4.4/psoc creator/import/gnu/arm/5.4.1/bin/../lib/gcc/arm-none-eabi/5.4.1/../../../../arm-none-eabi/lib/armv7-m\libg_nano.a(lib_a-init.o)
                0x00001394                __libc_init_array
 .text.memcpy   0x000013e0       0x16 c:/program files (x86)/cypress/psoc creator/4.4/psoc creator/import/gnu/arm/5.4.1/bin/../lib/gcc/arm-none-eabi/5.4.1/../../../../arm-none-eabi/lib/armv7-m\libg_nano.a(lib_a-memcpy-stub.o)
                0x000013e0                memcpy
 .text.memset   0x000013f6       0x10 c:/program files (x86)/cypress/psoc creator/4.4/psoc creator/import/gnu/arm/5.4.1/bin/../lib/gcc/arm-none-eabi/5.4.1/../../../../arm-none-eabi/lib/armv7-m\libg_nano.a(lib_a-memset.o)
                0x000013f6                memset
 *fill*         0x00001406        0x2 
 .text.sprintf  0x00001408       0x48 c:/program files (x86)/cypress/psoc creator/4.4/psoc creator/import/gnu/arm/5.4.1/bin/../lib/gcc/arm-none-eabi/5.4.1/../../../../arm-none-eabi/lib/armv7-m\libg_nano.a(lib_a-sprintf.o)
                0x00001408                siprintf
                0x00001408                sprintf
 .text.__ssputs_r
                0x00001450       0xb2 c:/program files (x86)/cypress/psoc creator/4.4/psoc creator/import/gnu/arm/5.4.1/bin/../lib/gcc/arm-none-eabi/5.4.1/../../../../arm-none-eabi/lib/armv7-m\libg_nano.a(lib_a-nano-svfprintf.o)
                0x00001450                __ssputs_r
 *fill*         0x00001502        0x2 
 .text._svfprintf_r
                0x00001504      0x1e8 c:/program files (x86)/cypress/psoc creator/4.4/psoc creator/import/gnu/arm/5.4.1/bin/../lib/gcc/arm-none-eabi/5.4.1/../../../../arm-none-eabi/lib/armv7-m\libg_nano.a(lib_a-nano-svfprintf.o)
                0x00001504                _svfiprintf_r
                0x00001504                _svfprintf_r
 .text._printf_common
                0x000016ec       0xec c:/program files (x86)/cypress/psoc creator/4.4/psoc creator/import/gnu/arm/5.4.1/bin/../lib/gcc/arm-none-eabi/5.4.1/../../../../arm-none-eabi/lib/armv7-m\libg_nano.a(lib_a-nano-vfprintf_i.o)
                0x000016ec                _printf_common
 .text._printf_i
                0x000017d8      0x24c c:/program files (x86)/cypress/psoc creator/4.4/psoc creator/import/gnu/arm/5.4.1/bin/../lib/gcc/arm-none-eabi/5.4.1/../../../../arm-none-eabi/lib/armv7-m\libg_nano.a(lib_a-nano-vfprintf_i.o)
                0x000017d8                _printf_i
 .text.memchr   0x00001a24       0x1c c:/program files (x86)/cypress/psoc creator/4.4/psoc creator/import/gnu/arm/5.4.1/bin/../lib/gcc/arm-none-eabi/5.4.1/../../../../arm-none-eabi/lib/armv7-m\libg_nano.a(lib_a-memchr-stub.o)
                0x00001a24                memchr
 .text.memmove  0x00001a40       0x36 c:/program files (x86)/cypress/psoc creator/4.4/psoc creator/import/gnu/arm/5.4.1/bin/../lib/gcc/arm-none-eabi/5.4.1/../../../../arm-none-eabi/lib/armv7-m\libg_nano.a(lib_a-memmove.o)
                0x00001a40                memmove
 *fill*         0x00001a76        0x2 
 .text._free_r  0x00001a78       0x98 c:/program files (x86)/cypress/psoc creator/4.4/psoc creator/import/gnu/arm/5.4.1/bin/../lib/gcc/arm-none-eabi/5.4.1/../../../../arm-none-eabi/lib/armv7-m\libg_nano.a(lib_a-nano-freer.o)
                0x00001a78                _free_r
 .text._malloc_r
                0x00001b10       0xbc c:/program files (x86)/cypress/psoc creator/4.4/psoc creator/import/gnu/arm/5.4.1/bin/../lib/gcc/arm-none-eabi/5.4.1/../../../../arm-none-eabi/lib/armv7-m\libg_nano.a(lib_a-nano-mallocr.o)
                0x00001b10                _malloc_r
 .text._realloc_r
                0x00001bcc       0x4c c:/program files (x86)/cypress/psoc creator/4.4/psoc creator/import/gnu/arm/5.4.1/bin/../lib/gcc/arm-none-eabi/5.4.1/../../../../arm-none-eabi/lib/armv7-m\libg_nano.a(lib_a-nano-reallocr.o)
                0x00001bcc                _realloc_r
 .text._sbrk_r  0x00001c18       0x20 c:/program files (x86)/cypress/psoc creator/4.4/psoc creator/import/gnu/arm/5.4.1/bin/../lib/gcc/arm-none-eabi/5.4.1/../../../../arm-none-eabi/lib/armv7-m\libg_nano.a(lib_a-sbrkr.o)
                0x00001c18                _sbrk_r
 .text.__malloc_lock
                0x00001c38        0x2 c:/program files (x86)/cypress/psoc creator/4.4/psoc creator/import/gnu/arm/5.4.1/bin/../lib/gcc/arm-none-eabi/5.4.1/../../../../arm-none-eabi/lib/armv7-m\libg_nano.a(lib_a-mlock.o)
                0x00001c38                __malloc_lock
 .text.__malloc_unlock
                0x00001c3a        0x2 c:/program files (x86)/cypress/psoc creator/4.4/psoc creator/import/gnu/arm/5.4.1/bin/../lib/gcc/arm-none-eabi/5.4.1/../../../../arm-none-eabi/lib/armv7-m\libg_nano.a(lib_a-mlock.o)
                0x00001c3a                __malloc_unlock
 .text._malloc_usable_size_r
                0x00001c3c       0x14 c:/program files (x86)/cypress/psoc creator/4.4/psoc creator/import/gnu/arm/5.4.1/bin/../lib/gcc/arm-none-eabi/5.4.1/../../../../arm-none-eabi/lib/armv7-m\libg_nano.a(lib_a-nano-msizer.o)
                0x00001c3c                _malloc_usable_size_r
 *(.plt)
 *(.gnu.warning)
 *(.glue_7t)
 .glue_7t       0x00001c50        0x0 linker stubs
 *(.glue_7)
 .glue_7        0x00001c50        0x0 linker stubs
 *(.vfp11_veneer)
 .vfp11_veneer  0x00001c50        0x0 linker stubs
 *(.bootloader)
 *(.ARM.extab* .gnu.linkonce.armextab.*)
 *(.gcc_except_table)

.v4_bx          0x00001c50        0x0
 .v4_bx         0x00001c50        0x0 linker stubs

.iplt           0x00001c50        0x0
 .iplt          0x00001c50        0x0 c:/program files (x86)/cypress/psoc creator/4.4/psoc creator/import/gnu/arm/5.4.1/bin/../lib/gcc/arm-none-eabi/5.4.1/armv7-m/crtbegin.o

.eh_frame_hdr
 *(.eh_frame_hdr)

.eh_frame       0x00001c50        0x4
 *(.eh_frame)
 .eh_frame      0x00001c50        0x0 c:/program files (x86)/cypress/psoc creator/4.4/psoc creator/import/gnu/arm/5.4.1/bin/../lib/gcc/arm-none-eabi/5.4.1/armv7-m/crtbegin.o
 .eh_frame      0x00001c50        0x4 c:/program files (x86)/cypress/psoc creator/4.4/psoc creator/import/gnu/arm/5.4.1/bin/../lib/gcc/arm-none-eabi/5.4.1/armv7-m/crtend.o
                [!provide]                PROVIDE (__exidx_start, .)

.ARM.exidx
 *(.ARM.exidx* .gnu.linkonce.armexidx.*)
                0x00001c54                __exidx_end = .

.rodata         0x00001c54      0x33c
 *(.rodata .rodata.* .gnu.linkonce.r.*)
 .rodata.str1.4
                0x00001c54      0x10f .\CortexM3\ARM_GCC_541\Debug\main.o
 *fill*         0x00001d63        0x1 
 .rodata.str1.4
                0x00001d64      0x168 .\CortexM3\ARM_GCC_541\Debug\I2C_Interface.o
                                0x167 (size before relaxing)
 .rodata        0x00001ecc       0x58 .\CortexM3\ARM_GCC_541\Debug\cyfitter_cfg.o
 .rodata.str1.1
                0x00001f24        0x2 c:/program files (x86)/cypress/psoc creator/4.4/psoc creator/import/gnu/arm/5.4.1/bin/../lib/gcc/arm-none-eabi/5.4.1/../../../../arm-none-eabi/lib/armv7-m\libg_nano.a(lib_a-impure.o)
 .rodata.str1.1
                0x00001f26       0x11 c:/program files (x86)/cypress/psoc creator/4.4/psoc creator/import/gnu/arm/5.4.1/bin/../lib/gcc/arm-none-eabi/5.4.1/../../../../arm-none-eabi/lib/armv7-m\libg_nano.a(lib_a-nano-svfprintf.o)
 .rodata.str1.1
                0x00001f37       0x22 c:/program files (x86)/cypress/psoc creator/4.4/psoc creator/import/gnu/arm/5.4.1/bin/../lib/gcc/arm-none-eabi/5.4.1/../../../../arm-none-eabi/lib/armv7-m\libg_nano.a(lib_a-nano-vfprintf_i.o)
                0x00001f5c                . = ALIGN (0x4)
 *fill*         0x00001f59        0x3 
 *(.init)
 .init          0x00001f5c        0x4 c:/program files (x86)/cypress/psoc creator/4.4/psoc creator/import/gnu/arm/5.4.1/bin/../lib/gcc/arm-none-eabi/5.4.1/armv7-m/crti.o
                0x00001f5c                _init
 .init          0x00001f60        0x8 c:/program files (x86)/cypress/psoc creator/4.4/psoc creator/import/gnu/arm/5.4.1/bin/../lib/gcc/arm-none-eabi/5.4.1/armv7-m/crtn.o
                0x00001f68                . = ALIGN (0x4)
                0x00001f68                __preinit_array_start = .
 *(.preinit_array)
                0x00001f68                __preinit_array_end = .
                0x00001f68                . = ALIGN (0x4)
                0x00001f68                __init_array_start = .
 *(SORT(.init_array.*))
 *(.init_array)
 .init_array    0x00001f68        0x4 c:/program files (x86)/cypress/psoc creator/4.4/psoc creator/import/gnu/arm/5.4.1/bin/../lib/gcc/arm-none-eabi/5.4.1/armv7-m/crtbegin.o
 .init_array    0x00001f6c        0x4 .\CortexM3\ARM_GCC_541\Debug\Cm3Start.o
                0x00001f70                __init_array_end = .
                0x00001f70                . = ALIGN (0x4)
 *(.fini)
 .fini          0x00001f70        0x4 c:/program files (x86)/cypress/psoc creator/4.4/psoc creator/import/gnu/arm/5.4.1/bin/../lib/gcc/arm-none-eabi/5.4.1/armv7-m/crti.o
                0x00001f70                _fini
 .fini          0x00001f74        0x8 c:/program files (x86)/cypress/psoc creator/4.4/psoc creator/import/gnu/arm/5.4.1/bin/../lib/gcc/arm-none-eabi/5.4.1/armv7-m/crtn.o
                0x00001f7c                . = ALIGN (0x4)
                0x00001f7c                __fini_array_start = .
 *(.fini_array)
 .fini_array    0x00001f7c        0x4 c:/program files (x86)/cypress/psoc creator/4.4/psoc creator/import/gnu/arm/5.4.1/bin/../lib/gcc/arm-none-eabi/5.4.1/armv7-m/crtbegin.o
 *(SORT(.fini_array.*))
                0x00001f80                __fini_array_end = .
                0x00001f80                . = ALIGN (0x4)
 *crtbegin.o(.ctors)
 *(EXCLUDE_FILE(*crtend.o) .ctors)
 *(SORT(.ctors.*))
 *crtend.o(.ctors)
                0x00001f80                . = ALIGN (0x4)
 *crtbegin.o(.dtors)
 *(EXCLUDE_FILE(*crtend.o) .dtors)
 *(SORT(.dtors.*))
 *crtend.o(.dtors)
                0x00001f80                . = ALIGN (0x4)
                0x00001f80                __cy_regions = .
                0x00001f80        0x4 LONG 0x1f90 __cy_region_init_ram
                0x00001f84        0x4 LONG 0x1fff80c8 __cy_region_start_data
                0x00001f88        0x4 LONG 0x80 __cy_region_init_size_ram
                0x00001f8c        0x4 LONG 0x90 __cy_region_zero_size_ram
                0x00001f90                __cy_regions_end = .
                0x00001f90                . = ALIGN (0x8)
                0x00001f90                _etext = .

.cy_checksum_exclude
                0x00001f90        0x0
 *(.cy_checksum_exclude)

.ramvectors     0x1fff8000       0xc0
                0x1fff8000                __cy_region_start_ram = .
 *(.ramvectors)
 .ramvectors    0x1fff8000       0xc0 .\CortexM3\ARM_GCC_541\Debug\Cm3Start.o
                0x1fff8000                CyRamVectors

.noinit         0x1fff80c0        0x1
 *(.noinit)
 .noinit        0x1fff80c0        0x1 .\CortexM3\ARM_GCC_541\Debug\Project4.a(CyLib.o)
                0x1fff80c0                CyResetStatus

.data           0x1fff80c8       0x80 load address 0x00001f90
                0x1fff80c8                __cy_region_start_data = .
 *(.jcr)
 .jcr           0x1fff80c8        0x0 c:/program files (x86)/cypress/psoc creator/4.4/psoc creator/import/gnu/arm/5.4.1/bin/../lib/gcc/arm-none-eabi/5.4.1/armv7-m/crtbegin.o
 .jcr           0x1fff80c8        0x4 c:/program files (x86)/cypress/psoc creator/4.4/psoc creator/import/gnu/arm/5.4.1/bin/../lib/gcc/arm-none-eabi/5.4.1/armv7-m/crtend.o
 *(.got.plt)
 *(.got)
 *(.shdata)
 *(.data .data.* .gnu.linkonce.d.*)
 .data          0x1fff80cc        0x4 .\CortexM3\ARM_GCC_541\Debug\Cm3Start.o
 .data          0x1fff80d0       0x10 .\CortexM3\ARM_GCC_541\Debug\Project4.a(CyLib.o)
                0x1fff80d0                cydelay_32k_ms
                0x1fff80d4                cydelay_freq_khz
                0x1fff80d8                cydelay_freq_mhz
                0x1fff80dc                cydelay_freq_hz
 .data.impure_data
                0x1fff80e0       0x60 c:/program files (x86)/cypress/psoc creator/4.4/psoc creator/import/gnu/arm/5.4.1/bin/../lib/gcc/arm-none-eabi/5.4.1/../../../../arm-none-eabi/lib/armv7-m\libg_nano.a(lib_a-impure.o)
 .data._impure_ptr
                0x1fff8140        0x4 c:/program files (x86)/cypress/psoc creator/4.4/psoc creator/import/gnu/arm/5.4.1/bin/../lib/gcc/arm-none-eabi/5.4.1/../../../../arm-none-eabi/lib/armv7-m\libg_nano.a(lib_a-impure.o)
                0x1fff8140                _impure_ptr
                0x1fff8148                . = ALIGN (0x8)
 *fill*         0x1fff8144        0x4 
 *(.ram)
                0x1fff8148                _edata = .

.igot.plt       0x1fff8148        0x0 load address 0x00002010
 .igot.plt      0x1fff8148        0x0 c:/program files (x86)/cypress/psoc creator/4.4/psoc creator/import/gnu/arm/5.4.1/bin/../lib/gcc/arm-none-eabi/5.4.1/armv7-m/crtbegin.o

.bss            0x1fff8148       0x90 load address 0x00002010
                0x1fff8148                PROVIDE (__bss_start__, .)
 *(.shbss)
 *(.bss .bss.* .gnu.linkonce.b.*)
 .bss           0x1fff8148       0x1c c:/program files (x86)/cypress/psoc creator/4.4/psoc creator/import/gnu/arm/5.4.1/bin/../lib/gcc/arm-none-eabi/5.4.1/armv7-m/crtbegin.o
 .bss           0x1fff8164       0x36 .\CortexM3\ARM_GCC_541\Debug\main.o
                0x1fff8164                init
                0x1fff8168                message
 .bss           0x1fff819a        0x2 .\CortexM3\ARM_GCC_541\Debug\Project4.a(UART.o)
                0x1fff819a                UART_initVar
 .bss           0x1fff819c        0x1 .\CortexM3\ARM_GCC_541\Debug\Project4.a(I2C_Master.o)
                0x1fff819c                I2C_Master_initVar
 .bss           0x1fff819d        0x2 .\CortexM3\ARM_GCC_541\Debug\Project4.a(UART_BT.o)
                0x1fff819d                UART_BT_initVar
 *fill*         0x1fff819f        0x1 
 .bss           0x1fff81a0        0x8 .\CortexM3\ARM_GCC_541\Debug\Project4.a(CySpc.o)
                0x1fff81a0                SpcLockState
 .bss.__malloc_sbrk_start
                0x1fff81a8        0x4 c:/program files (x86)/cypress/psoc creator/4.4/psoc creator/import/gnu/arm/5.4.1/bin/../lib/gcc/arm-none-eabi/5.4.1/../../../../arm-none-eabi/lib/armv7-m\libg_nano.a(lib_a-nano-mallocr.o)
                0x1fff81a8                __malloc_sbrk_start
 .bss.__malloc_free_list
                0x1fff81ac        0x4 c:/program files (x86)/cypress/psoc creator/4.4/psoc creator/import/gnu/arm/5.4.1/bin/../lib/gcc/arm-none-eabi/5.4.1/../../../../arm-none-eabi/lib/armv7-m\libg_nano.a(lib_a-nano-mallocr.o)
                0x1fff81ac                __malloc_free_list
 *(COMMON)
 COMMON         0x1fff81b0        0xa .\CortexM3\ARM_GCC_541\Debug\main.o
                0x1fff81b0                reg
                0x1fff81b4                So
                0x1fff81b6                error
                0x1fff81b7                ovrnReady
                0x1fff81b8                emptyBit
                0x1fff81b9                FS
 COMMON         0x1fff81ba        0x1 .\CortexM3\ARM_GCC_541\Debug\Project4.a(I2C_Master.o)
                0x1fff81ba                I2C_Master_state
 *fill*         0x1fff81bb        0x1 
 COMMON         0x1fff81bc        0xf .\CortexM3\ARM_GCC_541\Debug\Project4.a(I2C_Master_MASTER.o)
                0x1fff81bc                I2C_Master_mstrRdBufIndex
                0x1fff81bd                I2C_Master_mstrWrBufIndex
                0x1fff81be                I2C_Master_mstrWrBufSize
                0x1fff81c0                I2C_Master_mstrWrBufPtr
                0x1fff81c4                I2C_Master_mstrRdBufPtr
                0x1fff81c8                I2C_Master_mstrControl
                0x1fff81c9                I2C_Master_mstrStatus
                0x1fff81ca                I2C_Master_mstrRdBufSize
 *fill*         0x1fff81cb        0x1 
 COMMON         0x1fff81cc        0x2 .\CortexM3\ARM_GCC_541\Debug\Project4.a(CyFlash.o)
                0x1fff81cc                dieTemperature
 *fill*         0x1fff81ce        0x2 
 COMMON         0x1fff81d0        0x4 c:/program files (x86)/cypress/psoc creator/4.4/psoc creator/import/gnu/arm/5.4.1/bin/../lib/gcc/arm-none-eabi/5.4.1/../../../../arm-none-eabi/lib/armv7-m\libg_nano.a(lib_a-reent.o)
                0x1fff81d0                errno
                0x1fff81d8                . = ALIGN (0x8)
 *fill*         0x1fff81d4        0x4 
 *(.ram.b)
                0x1fff81d8                _end = .
                0x1fff81d8                __end = .
                0x1fff81d8                PROVIDE (end, .)
                0x1fff81d8                PROVIDE (__bss_end__, .)
                0x00001f90                __cy_region_init_ram = LOADADDR (.data)
                0x00000080                __cy_region_init_size_ram = (_edata - ADDR (.data))
                0x00000090                __cy_region_zero_size_ram = (_end - _edata)

.heap           0x1fff81d8       0x80 load address 0x00002010
                0x1fff81d8                . = _end
                0x1fff8258                . = (. + 0x80)
 *fill*         0x1fff81d8       0x80 
                0x1fff8258                __cy_heap_limit = .

.stack          0x20007800      0x800
                0x20007800                __cy_stack_limit = .
                0x20008000                . = (. + 0x800)
 *fill*         0x20007800      0x800 
                0x00000001                ASSERT ((__cy_stack_limit >= __cy_heap_limit), region RAM overflowed with stack)
                0x00000000                cy_checksum_exclude_size = (CY_APPL_LOADABLE == 0x1)?SIZEOF (.cy_checksum_exclude):0x0
                0x00000001                ASSERT ((cy_checksum_exclude_size <= CY_CHECKSUM_EXCLUDE_SIZE), CY_BOOT: Section .cy_checksum_exclude size exceedes specified limit.)

.cyloadermeta
 *(.cyloadermeta)

.cyloadablemeta
 *(.cyloadablemeta)

.cyconfigecc    0x80000000      0x70c
 *(.cyconfigecc)
 .cyconfigecc   0x80000000      0x70c .\CortexM3\ARM_GCC_541\Debug\cymetadata.o
                0x80000000                cy_meta_configecc

.cycustnvl      0x90000000        0x4
 *(.cycustnvl)
 .cycustnvl     0x90000000        0x4 .\CortexM3\ARM_GCC_541\Debug\cymetadata.o
                0x90000000                cy_meta_custnvl

.cywolatch      0x90100000        0x4
 *(.cywolatch)
 .cywolatch     0x90100000        0x4 .\CortexM3\ARM_GCC_541\Debug\cymetadata.o
                0x90100000                cy_meta_wonvl

.cyeeprom       0x90200000        0x0
 *(.cyeeprom)
                0x00000001                ASSERT ((. <= ((0x90200000 + ee_offset) + ee_size)), .cyeeprom data will not fit in EEPROM)

.cyflashprotect
                0x90400000      0x100
 *(.cyflashprotect)
 .cyflashprotect
                0x90400000      0x100 .\CortexM3\ARM_GCC_541\Debug\cymetadata.o
                0x90400000                cy_meta_flashprotect

.cymeta         0x90500000        0xc
 *(.cymeta)
 .cymeta        0x90500000        0xc .\CortexM3\ARM_GCC_541\Debug\cymetadata.o
                0x90500000                cy_metadata

.rel.dyn        0x00002010        0x0 load address 0x9050000c
 .rel.iplt      0x00002010        0x0 c:/program files (x86)/cypress/psoc creator/4.4/psoc creator/import/gnu/arm/5.4.1/bin/../lib/gcc/arm-none-eabi/5.4.1/armv7-m/crtbegin.o

.stab
 *(.stab)

.stabstr
 *(.stabstr)

.debug
 *(.debug)

.line
 *(.line)

.debug_srcinfo
 *(.debug_srcinfo)

.debug_sfnames
 *(.debug_sfnames)

.debug_aranges  0x00000000      0xa30
 *(.debug_aranges)
 .debug_aranges
                0x00000000       0x20 .\CortexM3\ARM_GCC_541\Debug\main.o
 .debug_aranges
                0x00000020       0x60 .\CortexM3\ARM_GCC_541\Debug\I2C_Interface.o
 .debug_aranges
                0x00000080       0x50 .\CortexM3\ARM_GCC_541\Debug\EEPROM_Custom.o
 .debug_aranges
                0x000000d0       0x58 .\CortexM3\ARM_GCC_541\Debug\cyfitter_cfg.o
 .debug_aranges
                0x00000128       0x18 .\CortexM3\ARM_GCC_541\Debug\cymetadata.o
 .debug_aranges
                0x00000140       0x48 .\CortexM3\ARM_GCC_541\Debug\Cm3Start.o
 .debug_aranges
                0x00000188       0xf0 .\CortexM3\ARM_GCC_541\Debug\Project4.a(UART.o)
 .debug_aranges
                0x00000278       0x38 .\CortexM3\ARM_GCC_541\Debug\Project4.a(I2C_Master.o)
 .debug_aranges
                0x000002b0       0x20 .\CortexM3\ARM_GCC_541\Debug\Project4.a(I2C_Master_INT.o)
 .debug_aranges
                0x000002d0       0x38 .\CortexM3\ARM_GCC_541\Debug\Project4.a(I2C_Master_PM.o)
 .debug_aranges
                0x00000308       0x80 .\CortexM3\ARM_GCC_541\Debug\Project4.a(I2C_Master_MASTER.o)
 .debug_aranges
                0x00000388       0x70 .\CortexM3\ARM_GCC_541\Debug\Project4.a(UART_IntClock.o)
 .debug_aranges
                0x000003f8      0x2a0 .\CortexM3\ARM_GCC_541\Debug\Project4.a(CyLib.o)
 .debug_aranges
                0x00000698       0x98 .\CortexM3\ARM_GCC_541\Debug\Project4.a(cyPm.o)
 .debug_aranges
                0x00000730       0xf0 .\CortexM3\ARM_GCC_541\Debug\Project4.a(UART_BT.o)
 .debug_aranges
                0x00000820       0x70 .\CortexM3\ARM_GCC_541\Debug\Project4.a(UART_BT_IntClock.o)
 .debug_aranges
                0x00000890       0x78 .\CortexM3\ARM_GCC_541\Debug\Project4.a(EEPROM.o)
 .debug_aranges
                0x00000908       0x20 .\CortexM3\ARM_GCC_541\Debug\Project4.a(CyBootAsmGnu.o)
 .debug_aranges
                0x00000928       0x88 .\CortexM3\ARM_GCC_541\Debug\Project4.a(CyFlash.o)
 .debug_aranges
                0x000009b0       0x80 .\CortexM3\ARM_GCC_541\Debug\Project4.a(CySpc.o)

.debug_pubnames
 *(.debug_pubnames)

.debug_info     0x00000000     0x6a73
 *(.debug_info .gnu.linkonce.wi.*)
 .debug_info    0x00000000      0x802 .\CortexM3\ARM_GCC_541\Debug\main.o
 .debug_info    0x00000802      0x8e5 .\CortexM3\ARM_GCC_541\Debug\I2C_Interface.o
 .debug_info    0x000010e7      0x378 .\CortexM3\ARM_GCC_541\Debug\EEPROM_Custom.o
 .debug_info    0x0000145f      0x5a8 .\CortexM3\ARM_GCC_541\Debug\cyfitter_cfg.o
 .debug_info    0x00001a07      0x139 .\CortexM3\ARM_GCC_541\Debug\cymetadata.o
 .debug_info    0x00001b40      0x3bb .\CortexM3\ARM_GCC_541\Debug\Cm3Start.o
 .debug_info    0x00001efb      0x60c .\CortexM3\ARM_GCC_541\Debug\Project4.a(UART.o)
 .debug_info    0x00002507      0x2ad .\CortexM3\ARM_GCC_541\Debug\Project4.a(I2C_Master.o)
 .debug_info    0x000027b4      0x184 .\CortexM3\ARM_GCC_541\Debug\Project4.a(I2C_Master_INT.o)
 .debug_info    0x00002938      0x207 .\CortexM3\ARM_GCC_541\Debug\Project4.a(I2C_Master_PM.o)
 .debug_info    0x00002b3f      0x407 .\CortexM3\ARM_GCC_541\Debug\Project4.a(I2C_Master_MASTER.o)
 .debug_info    0x00002f46      0x283 .\CortexM3\ARM_GCC_541\Debug\Project4.a(UART_IntClock.o)
 .debug_info    0x000031c9     0x1374 .\CortexM3\ARM_GCC_541\Debug\Project4.a(CyLib.o)
 .debug_info    0x0000453d      0xa2a .\CortexM3\ARM_GCC_541\Debug\Project4.a(cyPm.o)
 .debug_info    0x00004f67      0x60c .\CortexM3\ARM_GCC_541\Debug\Project4.a(UART_BT.o)
 .debug_info    0x00005573      0x283 .\CortexM3\ARM_GCC_541\Debug\Project4.a(UART_BT_IntClock.o)
 .debug_info    0x000057f6      0x630 .\CortexM3\ARM_GCC_541\Debug\Project4.a(EEPROM.o)
 .debug_info    0x00005e26       0xb0 .\CortexM3\ARM_GCC_541\Debug\Project4.a(CyBootAsmGnu.o)
 .debug_info    0x00005ed6      0x64d .\CortexM3\ARM_GCC_541\Debug\Project4.a(CyFlash.o)
 .debug_info    0x00006523      0x550 .\CortexM3\ARM_GCC_541\Debug\Project4.a(CySpc.o)

.debug_abbrev   0x00000000     0x1a4a
 *(.debug_abbrev)
 .debug_abbrev  0x00000000      0x15b .\CortexM3\ARM_GCC_541\Debug\main.o
 .debug_abbrev  0x0000015b      0x171 .\CortexM3\ARM_GCC_541\Debug\I2C_Interface.o
 .debug_abbrev  0x000002cc      0x120 .\CortexM3\ARM_GCC_541\Debug\EEPROM_Custom.o
 .debug_abbrev  0x000003ec      0x20d .\CortexM3\ARM_GCC_541\Debug\cyfitter_cfg.o
 .debug_abbrev  0x000005f9       0x77 .\CortexM3\ARM_GCC_541\Debug\cymetadata.o
 .debug_abbrev  0x00000670      0x1e8 .\CortexM3\ARM_GCC_541\Debug\Cm3Start.o
 .debug_abbrev  0x00000858      0x175 .\CortexM3\ARM_GCC_541\Debug\Project4.a(UART.o)
 .debug_abbrev  0x000009cd      0x10a .\CortexM3\ARM_GCC_541\Debug\Project4.a(I2C_Master.o)
 .debug_abbrev  0x00000ad7       0xb6 .\CortexM3\ARM_GCC_541\Debug\Project4.a(I2C_Master_INT.o)
 .debug_abbrev  0x00000b8d       0xfe .\CortexM3\ARM_GCC_541\Debug\Project4.a(I2C_Master_PM.o)
 .debug_abbrev  0x00000c8b      0x13c .\CortexM3\ARM_GCC_541\Debug\Project4.a(I2C_Master_MASTER.o)
 .debug_abbrev  0x00000dc7      0x139 .\CortexM3\ARM_GCC_541\Debug\Project4.a(UART_IntClock.o)
 .debug_abbrev  0x00000f00      0x254 .\CortexM3\ARM_GCC_541\Debug\Project4.a(CyLib.o)
 .debug_abbrev  0x00001154      0x1ab .\CortexM3\ARM_GCC_541\Debug\Project4.a(cyPm.o)
 .debug_abbrev  0x000012ff      0x175 .\CortexM3\ARM_GCC_541\Debug\Project4.a(UART_BT.o)
 .debug_abbrev  0x00001474      0x139 .\CortexM3\ARM_GCC_541\Debug\Project4.a(UART_BT_IntClock.o)
 .debug_abbrev  0x000015ad      0x14e .\CortexM3\ARM_GCC_541\Debug\Project4.a(EEPROM.o)
 .debug_abbrev  0x000016fb       0x14 .\CortexM3\ARM_GCC_541\Debug\Project4.a(CyBootAsmGnu.o)
 .debug_abbrev  0x0000170f      0x1a7 .\CortexM3\ARM_GCC_541\Debug\Project4.a(CyFlash.o)
 .debug_abbrev  0x000018b6      0x194 .\CortexM3\ARM_GCC_541\Debug\Project4.a(CySpc.o)

.debug_line     0x00000000     0x2d72
 *(.debug_line)
 .debug_line    0x00000000      0x2b1 .\CortexM3\ARM_GCC_541\Debug\main.o
 .debug_line    0x000002b1      0x32d .\CortexM3\ARM_GCC_541\Debug\I2C_Interface.o
 .debug_line    0x000005de      0x20a .\CortexM3\ARM_GCC_541\Debug\EEPROM_Custom.o
 .debug_line    0x000007e8      0x1f7 .\CortexM3\ARM_GCC_541\Debug\cyfitter_cfg.o
 .debug_line    0x000009df      0x141 .\CortexM3\ARM_GCC_541\Debug\cymetadata.o
 .debug_line    0x00000b20      0x234 .\CortexM3\ARM_GCC_541\Debug\Cm3Start.o
 .debug_line    0x00000d54      0x2bc .\CortexM3\ARM_GCC_541\Debug\Project4.a(UART.o)
 .debug_line    0x00001010       0xee .\CortexM3\ARM_GCC_541\Debug\Project4.a(I2C_Master.o)
 .debug_line    0x000010fe      0x122 .\CortexM3\ARM_GCC_541\Debug\Project4.a(I2C_Master_INT.o)
 .debug_line    0x00001220       0xc9 .\CortexM3\ARM_GCC_541\Debug\Project4.a(I2C_Master_PM.o)
 .debug_line    0x000012e9      0x20b .\CortexM3\ARM_GCC_541\Debug\Project4.a(I2C_Master_MASTER.o)
 .debug_line    0x000014f4      0x17c .\CortexM3\ARM_GCC_541\Debug\Project4.a(UART_IntClock.o)
 .debug_line    0x00001670      0x816 .\CortexM3\ARM_GCC_541\Debug\Project4.a(CyLib.o)
 .debug_line    0x00001e86      0x367 .\CortexM3\ARM_GCC_541\Debug\Project4.a(cyPm.o)
 .debug_line    0x000021ed      0x2c2 .\CortexM3\ARM_GCC_541\Debug\Project4.a(UART_BT.o)
 .debug_line    0x000024af      0x17f .\CortexM3\ARM_GCC_541\Debug\Project4.a(UART_BT_IntClock.o)
 .debug_line    0x0000262e      0x264 .\CortexM3\ARM_GCC_541\Debug\Project4.a(EEPROM.o)
 .debug_line    0x00002892       0x66 .\CortexM3\ARM_GCC_541\Debug\Project4.a(CyBootAsmGnu.o)
 .debug_line    0x000028f8      0x21a .\CortexM3\ARM_GCC_541\Debug\Project4.a(CyFlash.o)
 .debug_line    0x00002b12      0x260 .\CortexM3\ARM_GCC_541\Debug\Project4.a(CySpc.o)

.debug_frame    0x00000000     0x1e54
 *(.debug_frame)
 .debug_frame   0x00000000       0x38 .\CortexM3\ARM_GCC_541\Debug\main.o
 .debug_frame   0x00000038      0x134 .\CortexM3\ARM_GCC_541\Debug\I2C_Interface.o
 .debug_frame   0x0000016c       0xd8 .\CortexM3\ARM_GCC_541\Debug\EEPROM_Custom.o
 .debug_frame   0x00000244       0xe4 .\CortexM3\ARM_GCC_541\Debug\cyfitter_cfg.o
 .debug_frame   0x00000328       0xb8 .\CortexM3\ARM_GCC_541\Debug\Cm3Start.o
 .debug_frame   0x000003e0      0x250 .\CortexM3\ARM_GCC_541\Debug\Project4.a(UART.o)
 .debug_frame   0x00000630       0x94 .\CortexM3\ARM_GCC_541\Debug\Project4.a(I2C_Master.o)
 .debug_frame   0x000006c4       0x30 .\CortexM3\ARM_GCC_541\Debug\Project4.a(I2C_Master_INT.o)
 .debug_frame   0x000006f4       0x74 .\CortexM3\ARM_GCC_541\Debug\Project4.a(I2C_Master_PM.o)
 .debug_frame   0x00000768      0x138 .\CortexM3\ARM_GCC_541\Debug\Project4.a(I2C_Master_MASTER.o)
 .debug_frame   0x000008a0       0xe0 .\CortexM3\ARM_GCC_541\Debug\Project4.a(UART_IntClock.o)
 .debug_frame   0x00000980      0x738 .\CortexM3\ARM_GCC_541\Debug\Project4.a(CyLib.o)
 .debug_frame   0x000010b8      0x1f8 .\CortexM3\ARM_GCC_541\Debug\Project4.a(cyPm.o)
 .debug_frame   0x000012b0      0x250 .\CortexM3\ARM_GCC_541\Debug\Project4.a(UART_BT.o)
 .debug_frame   0x00001500       0xe0 .\CortexM3\ARM_GCC_541\Debug\Project4.a(UART_BT_IntClock.o)
 .debug_frame   0x000015e0      0x17c .\CortexM3\ARM_GCC_541\Debug\Project4.a(EEPROM.o)
 .debug_frame   0x0000175c      0x194 .\CortexM3\ARM_GCC_541\Debug\Project4.a(CyFlash.o)
 .debug_frame   0x000018f0      0x180 .\CortexM3\ARM_GCC_541\Debug\Project4.a(CySpc.o)
 .debug_frame   0x00001a70       0x20 c:/program files (x86)/cypress/psoc creator/4.4/psoc creator/import/gnu/arm/5.4.1/bin/../lib/gcc/arm-none-eabi/5.4.1/../../../../arm-none-eabi/lib/armv7-m\libg_nano.a(lib_a-errno.o)
 .debug_frame   0x00001a90       0x28 c:/program files (x86)/cypress/psoc creator/4.4/psoc creator/import/gnu/arm/5.4.1/bin/../lib/gcc/arm-none-eabi/5.4.1/../../../../arm-none-eabi/lib/armv7-m\libg_nano.a(lib_a-exit.o)
 .debug_frame   0x00001ab8       0x2c c:/program files (x86)/cypress/psoc creator/4.4/psoc creator/import/gnu/arm/5.4.1/bin/../lib/gcc/arm-none-eabi/5.4.1/../../../../arm-none-eabi/lib/armv7-m\libg_nano.a(lib_a-init.o)
 .debug_frame   0x00001ae4       0x28 c:/program files (x86)/cypress/psoc creator/4.4/psoc creator/import/gnu/arm/5.4.1/bin/../lib/gcc/arm-none-eabi/5.4.1/../../../../arm-none-eabi/lib/armv7-m\libg_nano.a(lib_a-memcpy-stub.o)
 .debug_frame   0x00001b0c       0x20 c:/program files (x86)/cypress/psoc creator/4.4/psoc creator/import/gnu/arm/5.4.1/bin/../lib/gcc/arm-none-eabi/5.4.1/../../../../arm-none-eabi/lib/armv7-m\libg_nano.a(lib_a-memset.o)
 .debug_frame   0x00001b2c       0x70 c:/program files (x86)/cypress/psoc creator/4.4/psoc creator/import/gnu/arm/5.4.1/bin/../lib/gcc/arm-none-eabi/5.4.1/../../../../arm-none-eabi/lib/armv7-m\libg_nano.a(lib_a-sprintf.o)
 .debug_frame   0x00001b9c       0x90 c:/program files (x86)/cypress/psoc creator/4.4/psoc creator/import/gnu/arm/5.4.1/bin/../lib/gcc/arm-none-eabi/5.4.1/../../../../arm-none-eabi/lib/armv7-m\libg_nano.a(lib_a-nano-svfprintf.o)
 .debug_frame   0x00001c2c       0x60 c:/program files (x86)/cypress/psoc creator/4.4/psoc creator/import/gnu/arm/5.4.1/bin/../lib/gcc/arm-none-eabi/5.4.1/../../../../arm-none-eabi/lib/armv7-m\libg_nano.a(lib_a-nano-vfprintf_i.o)
 .debug_frame   0x00001c8c       0x28 c:/program files (x86)/cypress/psoc creator/4.4/psoc creator/import/gnu/arm/5.4.1/bin/../lib/gcc/arm-none-eabi/5.4.1/../../../../arm-none-eabi/lib/armv7-m\libg_nano.a(lib_a-memchr-stub.o)
 .debug_frame   0x00001cb4       0x28 c:/program files (x86)/cypress/psoc creator/4.4/psoc creator/import/gnu/arm/5.4.1/bin/../lib/gcc/arm-none-eabi/5.4.1/../../../../arm-none-eabi/lib/armv7-m\libg_nano.a(lib_a-memmove.o)
 .debug_frame   0x00001cdc       0x38 c:/program files (x86)/cypress/psoc creator/4.4/psoc creator/import/gnu/arm/5.4.1/bin/../lib/gcc/arm-none-eabi/5.4.1/../../../../arm-none-eabi/lib/armv7-m\libg_nano.a(lib_a-nano-freer.o)
 .debug_frame   0x00001d14       0x2c c:/program files (x86)/cypress/psoc creator/4.4/psoc creator/import/gnu/arm/5.4.1/bin/../lib/gcc/arm-none-eabi/5.4.1/../../../../arm-none-eabi/lib/armv7-m\libg_nano.a(lib_a-nano-mallocr.o)
 .debug_frame   0x00001d40       0x3c c:/program files (x86)/cypress/psoc creator/4.4/psoc creator/import/gnu/arm/5.4.1/bin/../lib/gcc/arm-none-eabi/5.4.1/../../../../arm-none-eabi/lib/armv7-m\libg_nano.a(lib_a-nano-reallocr.o)
 .debug_frame   0x00001d7c       0x2c c:/program files (x86)/cypress/psoc creator/4.4/psoc creator/import/gnu/arm/5.4.1/bin/../lib/gcc/arm-none-eabi/5.4.1/../../../../arm-none-eabi/lib/armv7-m\libg_nano.a(lib_a-sbrkr.o)
 .debug_frame   0x00001da8       0x30 c:/program files (x86)/cypress/psoc creator/4.4/psoc creator/import/gnu/arm/5.4.1/bin/../lib/gcc/arm-none-eabi/5.4.1/../../../../arm-none-eabi/lib/armv7-m\libg_nano.a(lib_a-mlock.o)
 .debug_frame   0x00001dd8       0x20 c:/program files (x86)/cypress/psoc creator/4.4/psoc creator/import/gnu/arm/5.4.1/bin/../lib/gcc/arm-none-eabi/5.4.1/../../../../arm-none-eabi/lib/armv7-m\libg_nano.a(lib_a-nano-msizer.o)
 .debug_frame   0x00001df8       0x5c c:/program files (x86)/cypress/psoc creator/4.4/psoc creator/import/gnu/arm/5.4.1/bin/../lib/gcc/arm-none-eabi/5.4.1/../../../../arm-none-eabi/lib/armv7-m\libg_nano.a(lib_a-reent.o)

.debug_str      0x00000000     0x22fe
 *(.debug_str)
 .debug_str     0x00000000      0x358 .\CortexM3\ARM_GCC_541\Debug\main.o
                                0x3d3 (size before relaxing)
 .debug_str     0x00000358      0x176 .\CortexM3\ARM_GCC_541\Debug\I2C_Interface.o
                                0x425 (size before relaxing)
 .debug_str     0x000004ce       0xa6 .\CortexM3\ARM_GCC_541\Debug\EEPROM_Custom.o
                                0x308 (size before relaxing)
 .debug_str     0x00000574      0x1aa .\CortexM3\ARM_GCC_541\Debug\cyfitter_cfg.o
                                0x364 (size before relaxing)
 .debug_str     0x0000071e       0x75 .\CortexM3\ARM_GCC_541\Debug\cymetadata.o
                                0x204 (size before relaxing)
 .debug_str     0x00000793      0x13f .\CortexM3\ARM_GCC_541\Debug\Cm3Start.o
                                0x32a (size before relaxing)
 .debug_str     0x000008d2      0x2ba .\CortexM3\ARM_GCC_541\Debug\Project4.a(UART.o)
                                0x495 (size before relaxing)
 .debug_str     0x00000b8c      0x13f .\CortexM3\ARM_GCC_541\Debug\Project4.a(I2C_Master.o)
                                0x355 (size before relaxing)
 .debug_str     0x00000ccb       0xb7 .\CortexM3\ARM_GCC_541\Debug\Project4.a(I2C_Master_INT.o)
                                0x2cc (size before relaxing)
 .debug_str     0x00000d82       0x79 .\CortexM3\ARM_GCC_541\Debug\Project4.a(I2C_Master_PM.o)
                                0x2dc (size before relaxing)
 .debug_str     0x00000dfb      0x150 .\CortexM3\ARM_GCC_541\Debug\Project4.a(I2C_Master_MASTER.o)
                                0x465 (size before relaxing)
 .debug_str     0x00000f4b      0x183 .\CortexM3\ARM_GCC_541\Debug\Project4.a(UART_IntClock.o)
                                0x356 (size before relaxing)
 .debug_str     0x000010ce      0x7e2 .\CortexM3\ARM_GCC_541\Debug\Project4.a(CyLib.o)
                                0xa67 (size before relaxing)
 .debug_str     0x000018b0      0x365 .\CortexM3\ARM_GCC_541\Debug\Project4.a(cyPm.o)
                                0x753 (size before relaxing)
 .debug_str     0x00001c15      0x264 .\CortexM3\ARM_GCC_541\Debug\Project4.a(UART_BT.o)
                                0x4f2 (size before relaxing)
 .debug_str     0x00001e79      0x156 .\CortexM3\ARM_GCC_541\Debug\Project4.a(UART_BT_IntClock.o)
                                0x37a (size before relaxing)
 .debug_str     0x00001fcf      0x1a7 .\CortexM3\ARM_GCC_541\Debug\Project4.a(EEPROM.o)
                                0x3e2 (size before relaxing)
 .debug_str     0x00002176      0x11a .\CortexM3\ARM_GCC_541\Debug\Project4.a(CyFlash.o)
                                0x3e0 (size before relaxing)
 .debug_str     0x00002290       0x6e .\CortexM3\ARM_GCC_541\Debug\Project4.a(CySpc.o)
                                0x358 (size before relaxing)

.debug_loc      0x00000000     0x3115
 *(.debug_loc)
 .debug_loc     0x00000000       0xbc .\CortexM3\ARM_GCC_541\Debug\main.o
 .debug_loc     0x000000bc      0x3ac .\CortexM3\ARM_GCC_541\Debug\I2C_Interface.o
 .debug_loc     0x00000468       0xed .\CortexM3\ARM_GCC_541\Debug\EEPROM_Custom.o
 .debug_loc     0x00000555      0x289 .\CortexM3\ARM_GCC_541\Debug\cyfitter_cfg.o
 .debug_loc     0x000007de      0x144 .\CortexM3\ARM_GCC_541\Debug\Cm3Start.o
 .debug_loc     0x00000922      0x258 .\CortexM3\ARM_GCC_541\Debug\Project4.a(UART.o)
 .debug_loc     0x00000b7a       0x39 .\CortexM3\ARM_GCC_541\Debug\Project4.a(I2C_Master.o)
 .debug_loc     0x00000bb3       0x29 .\CortexM3\ARM_GCC_541\Debug\Project4.a(I2C_Master_INT.o)
 .debug_loc     0x00000bdc       0x13 .\CortexM3\ARM_GCC_541\Debug\Project4.a(I2C_Master_PM.o)
 .debug_loc     0x00000bef      0x52f .\CortexM3\ARM_GCC_541\Debug\Project4.a(I2C_Master_MASTER.o)
 .debug_loc     0x0000111e      0x128 .\CortexM3\ARM_GCC_541\Debug\Project4.a(UART_IntClock.o)
 .debug_loc     0x00001246      0xa11 .\CortexM3\ARM_GCC_541\Debug\Project4.a(CyLib.o)
 .debug_loc     0x00001c57      0x1e4 .\CortexM3\ARM_GCC_541\Debug\Project4.a(cyPm.o)
 .debug_loc     0x00001e3b      0x258 .\CortexM3\ARM_GCC_541\Debug\Project4.a(UART_BT.o)
 .debug_loc     0x00002093      0x12c .\CortexM3\ARM_GCC_541\Debug\Project4.a(UART_BT_IntClock.o)
 .debug_loc     0x000021bf      0x49f .\CortexM3\ARM_GCC_541\Debug\Project4.a(EEPROM.o)
 .debug_loc     0x0000265e      0x3b2 .\CortexM3\ARM_GCC_541\Debug\Project4.a(CyFlash.o)
 .debug_loc     0x00002a10      0x705 .\CortexM3\ARM_GCC_541\Debug\Project4.a(CySpc.o)

.debug_macinfo
 *(.debug_macinfo)

.debug_ranges   0x00000000      0x8f0
 *(.debug_ranges)
 .debug_ranges  0x00000000       0x10 .\CortexM3\ARM_GCC_541\Debug\main.o
 .debug_ranges  0x00000010       0x68 .\CortexM3\ARM_GCC_541\Debug\I2C_Interface.o
 .debug_ranges  0x00000078       0x40 .\CortexM3\ARM_GCC_541\Debug\EEPROM_Custom.o
 .debug_ranges  0x000000b8       0x48 .\CortexM3\ARM_GCC_541\Debug\cyfitter_cfg.o
 .debug_ranges  0x00000100       0x38 .\CortexM3\ARM_GCC_541\Debug\Cm3Start.o
 .debug_ranges  0x00000138       0xe0 .\CortexM3\ARM_GCC_541\Debug\Project4.a(UART.o)
 .debug_ranges  0x00000218       0x28 .\CortexM3\ARM_GCC_541\Debug\Project4.a(I2C_Master.o)
 .debug_ranges  0x00000240       0x10 .\CortexM3\ARM_GCC_541\Debug\Project4.a(I2C_Master_INT.o)
 .debug_ranges  0x00000250       0x28 .\CortexM3\ARM_GCC_541\Debug\Project4.a(I2C_Master_PM.o)
 .debug_ranges  0x00000278       0x70 .\CortexM3\ARM_GCC_541\Debug\Project4.a(I2C_Master_MASTER.o)
 .debug_ranges  0x000002e8       0x60 .\CortexM3\ARM_GCC_541\Debug\Project4.a(UART_IntClock.o)
 .debug_ranges  0x00000348      0x290 .\CortexM3\ARM_GCC_541\Debug\Project4.a(CyLib.o)
 .debug_ranges  0x000005d8       0x88 .\CortexM3\ARM_GCC_541\Debug\Project4.a(cyPm.o)
 .debug_ranges  0x00000660       0xe0 .\CortexM3\ARM_GCC_541\Debug\Project4.a(UART_BT.o)
 .debug_ranges  0x00000740       0x60 .\CortexM3\ARM_GCC_541\Debug\Project4.a(UART_BT_IntClock.o)
 .debug_ranges  0x000007a0       0x68 .\CortexM3\ARM_GCC_541\Debug\Project4.a(EEPROM.o)
 .debug_ranges  0x00000808       0x78 .\CortexM3\ARM_GCC_541\Debug\Project4.a(CyFlash.o)
 .debug_ranges  0x00000880       0x70 .\CortexM3\ARM_GCC_541\Debug\Project4.a(CySpc.o)

.comment        0x00000000       0x6e
 .comment       0x00000000       0x6e .\CortexM3\ARM_GCC_541\Debug\main.o
                                 0x6f (size before relaxing)
 .comment       0x0000006e       0x6f .\CortexM3\ARM_GCC_541\Debug\I2C_Interface.o
 .comment       0x0000006e       0x6f .\CortexM3\ARM_GCC_541\Debug\EEPROM_Custom.o
 .comment       0x0000006e       0x6f .\CortexM3\ARM_GCC_541\Debug\cyfitter_cfg.o
 .comment       0x0000006e       0x6f .\CortexM3\ARM_GCC_541\Debug\cymetadata.o
 .comment       0x0000006e       0x6f .\CortexM3\ARM_GCC_541\Debug\Cm3Start.o
 .comment       0x0000006e       0x6f .\CortexM3\ARM_GCC_541\Debug\Project4.a(UART.o)
 .comment       0x0000006e       0x6f .\CortexM3\ARM_GCC_541\Debug\Project4.a(I2C_Master.o)
 .comment       0x0000006e       0x6f .\CortexM3\ARM_GCC_541\Debug\Project4.a(I2C_Master_INT.o)
 .comment       0x0000006e       0x6f .\CortexM3\ARM_GCC_541\Debug\Project4.a(I2C_Master_PM.o)
 .comment       0x0000006e       0x6f .\CortexM3\ARM_GCC_541\Debug\Project4.a(I2C_Master_MASTER.o)
 .comment       0x0000006e       0x6f .\CortexM3\ARM_GCC_541\Debug\Project4.a(UART_IntClock.o)
 .comment       0x0000006e       0x6f .\CortexM3\ARM_GCC_541\Debug\Project4.a(CyLib.o)
 .comment       0x0000006e       0x6f .\CortexM3\ARM_GCC_541\Debug\Project4.a(cyPm.o)
 .comment       0x0000006e       0x6f .\CortexM3\ARM_GCC_541\Debug\Project4.a(UART_BT.o)
 .comment       0x0000006e       0x6f .\CortexM3\ARM_GCC_541\Debug\Project4.a(UART_BT_IntClock.o)
 .comment       0x0000006e       0x6f .\CortexM3\ARM_GCC_541\Debug\Project4.a(EEPROM.o)
 .comment       0x0000006e       0x6f .\CortexM3\ARM_GCC_541\Debug\Project4.a(CyFlash.o)
 .comment       0x0000006e       0x6f .\CortexM3\ARM_GCC_541\Debug\Project4.a(CySpc.o)

.debug_weaknames
 *(.debug_weaknames)

.debug_funcnames
 *(.debug_funcnames)

.debug_typenames
 *(.debug_typenames)

.debug_varnames
 *(.debug_varnames)

.note.gnu.arm.ident
 *(.note.gnu.arm.ident)

.ARM.attributes
                0x00000000       0x29
 *(.ARM.attributes)
 .ARM.attributes
                0x00000000       0x1d c:/program files (x86)/cypress/psoc creator/4.4/psoc creator/import/gnu/arm/5.4.1/bin/../lib/gcc/arm-none-eabi/5.4.1/armv7-m/crti.o
 .ARM.attributes
                0x0000001d       0x2d c:/program files (x86)/cypress/psoc creator/4.4/psoc creator/import/gnu/arm/5.4.1/bin/../lib/gcc/arm-none-eabi/5.4.1/armv7-m/crtbegin.o
 .ARM.attributes
                0x0000004a       0x1b c:/program files (x86)/cypress/psoc creator/4.4/psoc creator/import/gnu/arm/5.4.1/bin/../lib/gcc/arm-none-eabi/5.4.1/../../../../arm-none-eabi/lib/armv7-m/crt0.o
 .ARM.attributes
                0x00000065       0x33 .\CortexM3\ARM_GCC_541\Debug\main.o
 .ARM.attributes
                0x00000098       0x33 .\CortexM3\ARM_GCC_541\Debug\I2C_Interface.o
 .ARM.attributes
                0x000000cb       0x33 .\CortexM3\ARM_GCC_541\Debug\EEPROM_Custom.o
 .ARM.attributes
                0x000000fe       0x33 .\CortexM3\ARM_GCC_541\Debug\cyfitter_cfg.o
 .ARM.attributes
                0x00000131       0x33 .\CortexM3\ARM_GCC_541\Debug\cymetadata.o
 .ARM.attributes
                0x00000164       0x33 .\CortexM3\ARM_GCC_541\Debug\Cm3Start.o
 .ARM.attributes
                0x00000197       0x33 .\CortexM3\ARM_GCC_541\Debug\Project4.a(UART.o)
 .ARM.attributes
                0x000001ca       0x33 .\CortexM3\ARM_GCC_541\Debug\Project4.a(I2C_Master.o)
 .ARM.attributes
                0x000001fd       0x33 .\CortexM3\ARM_GCC_541\Debug\Project4.a(I2C_Master_INT.o)
 .ARM.attributes
                0x00000230       0x33 .\CortexM3\ARM_GCC_541\Debug\Project4.a(I2C_Master_PM.o)
 .ARM.attributes
                0x00000263       0x33 .\CortexM3\ARM_GCC_541\Debug\Project4.a(I2C_Master_MASTER.o)
 .ARM.attributes
                0x00000296       0x33 .\CortexM3\ARM_GCC_541\Debug\Project4.a(UART_IntClock.o)
 .ARM.attributes
                0x000002c9       0x33 .\CortexM3\ARM_GCC_541\Debug\Project4.a(CyLib.o)
 .ARM.attributes
                0x000002fc       0x33 .\CortexM3\ARM_GCC_541\Debug\Project4.a(cyPm.o)
 .ARM.attributes
                0x0000032f       0x33 .\CortexM3\ARM_GCC_541\Debug\Project4.a(UART_BT.o)
 .ARM.attributes
                0x00000362       0x33 .\CortexM3\ARM_GCC_541\Debug\Project4.a(UART_BT_IntClock.o)
 .ARM.attributes
                0x00000395       0x33 .\CortexM3\ARM_GCC_541\Debug\Project4.a(EEPROM.o)
 .ARM.attributes
                0x000003c8       0x21 .\CortexM3\ARM_GCC_541\Debug\Project4.a(CyBootAsmGnu.o)
 .ARM.attributes
                0x000003e9       0x33 .\CortexM3\ARM_GCC_541\Debug\Project4.a(CyFlash.o)
 .ARM.attributes
                0x0000041c       0x33 .\CortexM3\ARM_GCC_541\Debug\Project4.a(CySpc.o)
 .ARM.attributes
                0x0000044f       0x2d c:/program files (x86)/cypress/psoc creator/4.4/psoc creator/import/gnu/arm/5.4.1/bin/../lib/gcc/arm-none-eabi/5.4.1/../../../../arm-none-eabi/lib/armv7-m\libg_nano.a(lib_a-errno.o)
 .ARM.attributes
                0x0000047c       0x2d c:/program files (x86)/cypress/psoc creator/4.4/psoc creator/import/gnu/arm/5.4.1/bin/../lib/gcc/arm-none-eabi/5.4.1/../../../../arm-none-eabi/lib/armv7-m\libg_nano.a(lib_a-exit.o)
 .ARM.attributes
                0x000004a9       0x2d c:/program files (x86)/cypress/psoc creator/4.4/psoc creator/import/gnu/arm/5.4.1/bin/../lib/gcc/arm-none-eabi/5.4.1/../../../../arm-none-eabi/lib/armv7-m\libg_nano.a(lib_a-impure.o)
 .ARM.attributes
                0x000004d6       0x2d c:/program files (x86)/cypress/psoc creator/4.4/psoc creator/import/gnu/arm/5.4.1/bin/../lib/gcc/arm-none-eabi/5.4.1/../../../../arm-none-eabi/lib/armv7-m\libg_nano.a(lib_a-init.o)
 .ARM.attributes
                0x00000503       0x2d c:/program files (x86)/cypress/psoc creator/4.4/psoc creator/import/gnu/arm/5.4.1/bin/../lib/gcc/arm-none-eabi/5.4.1/../../../../arm-none-eabi/lib/armv7-m\libg_nano.a(lib_a-memcpy-stub.o)
 .ARM.attributes
                0x00000530       0x2d c:/program files (x86)/cypress/psoc creator/4.4/psoc creator/import/gnu/arm/5.4.1/bin/../lib/gcc/arm-none-eabi/5.4.1/../../../../arm-none-eabi/lib/armv7-m\libg_nano.a(lib_a-memset.o)
 .ARM.attributes
                0x0000055d       0x2d c:/program files (x86)/cypress/psoc creator/4.4/psoc creator/import/gnu/arm/5.4.1/bin/../lib/gcc/arm-none-eabi/5.4.1/../../../../arm-none-eabi/lib/armv7-m\libg_nano.a(lib_a-sprintf.o)
 .ARM.attributes
                0x0000058a       0x2d c:/program files (x86)/cypress/psoc creator/4.4/psoc creator/import/gnu/arm/5.4.1/bin/../lib/gcc/arm-none-eabi/5.4.1/../../../../arm-none-eabi/lib/armv7-m\libg_nano.a(lib_a-nano-svfprintf.o)
 .ARM.attributes
                0x000005b7       0x2d c:/program files (x86)/cypress/psoc creator/4.4/psoc creator/import/gnu/arm/5.4.1/bin/../lib/gcc/arm-none-eabi/5.4.1/../../../../arm-none-eabi/lib/armv7-m\libg_nano.a(lib_a-nano-vfprintf_i.o)
 .ARM.attributes
                0x000005e4       0x2d c:/program files (x86)/cypress/psoc creator/4.4/psoc creator/import/gnu/arm/5.4.1/bin/../lib/gcc/arm-none-eabi/5.4.1/../../../../arm-none-eabi/lib/armv7-m\libg_nano.a(lib_a-memchr-stub.o)
 .ARM.attributes
                0x00000611       0x2d c:/program files (x86)/cypress/psoc creator/4.4/psoc creator/import/gnu/arm/5.4.1/bin/../lib/gcc/arm-none-eabi/5.4.1/../../../../arm-none-eabi/lib/armv7-m\libg_nano.a(lib_a-memmove.o)
 .ARM.attributes
                0x0000063e       0x2d c:/program files (x86)/cypress/psoc creator/4.4/psoc creator/import/gnu/arm/5.4.1/bin/../lib/gcc/arm-none-eabi/5.4.1/../../../../arm-none-eabi/lib/armv7-m\libg_nano.a(lib_a-nano-freer.o)
 .ARM.attributes
                0x0000066b       0x2d c:/program files (x86)/cypress/psoc creator/4.4/psoc creator/import/gnu/arm/5.4.1/bin/../lib/gcc/arm-none-eabi/5.4.1/../../../../arm-none-eabi/lib/armv7-m\libg_nano.a(lib_a-nano-mallocr.o)
 .ARM.attributes
                0x00000698       0x2d c:/program files (x86)/cypress/psoc creator/4.4/psoc creator/import/gnu/arm/5.4.1/bin/../lib/gcc/arm-none-eabi/5.4.1/../../../../arm-none-eabi/lib/armv7-m\libg_nano.a(lib_a-nano-reallocr.o)
 .ARM.attributes
                0x000006c5       0x2d c:/program files (x86)/cypress/psoc creator/4.4/psoc creator/import/gnu/arm/5.4.1/bin/../lib/gcc/arm-none-eabi/5.4.1/../../../../arm-none-eabi/lib/armv7-m\libg_nano.a(lib_a-sbrkr.o)
 .ARM.attributes
                0x000006f2       0x2d c:/program files (x86)/cypress/psoc creator/4.4/psoc creator/import/gnu/arm/5.4.1/bin/../lib/gcc/arm-none-eabi/5.4.1/../../../../arm-none-eabi/lib/armv7-m\libg_nano.a(lib_a-mlock.o)
 .ARM.attributes
                0x0000071f       0x2d c:/program files (x86)/cypress/psoc creator/4.4/psoc creator/import/gnu/arm/5.4.1/bin/../lib/gcc/arm-none-eabi/5.4.1/../../../../arm-none-eabi/lib/armv7-m\libg_nano.a(lib_a-nano-msizer.o)
 .ARM.attributes
                0x0000074c       0x2d c:/program files (x86)/cypress/psoc creator/4.4/psoc creator/import/gnu/arm/5.4.1/bin/../lib/gcc/arm-none-eabi/5.4.1/../../../../arm-none-eabi/lib/armv7-m\libg_nano.a(lib_a-reent.o)
 .ARM.attributes
                0x00000779       0x2d c:/program files (x86)/cypress/psoc creator/4.4/psoc creator/import/gnu/arm/5.4.1/bin/../lib/gcc/arm-none-eabi/5.4.1/armv7-m/crtend.o
 .ARM.attributes
                0x000007a6       0x1d c:/program files (x86)/cypress/psoc creator/4.4/psoc creator/import/gnu/arm/5.4.1/bin/../lib/gcc/arm-none-eabi/5.4.1/armv7-m/crtn.o

/DISCARD/
 *(.note.GNU-stack)
OUTPUT(C:\Users\Giorgio\Desktop\LAB_FINAL_PROJECT\AY2122_II_Project-4\PSoC Code\AY2122_II\Project4.cydsn\CortexM3\ARM_GCC_541\Debug\Project4.elf elf32-littlearm)
